---
source: egglog/src/proofs/proof_tests.rs
expression: snapshot
---
(ruleset __parent)
(ruleset __rebuilding)
(ruleset __rebuilding_cleanup)
(ruleset __delete_subsume_ruleset)
(sort Math :internal-uf __UF_Math)
(function __UF_Math (Math) (Math Unit) :merge ((set (__UF_Math (ordering-max old0 new0)) (values (ordering-min old0 new0) ())) (values (ordering-min old0 new0) ())) :unextractable :internal-hidden :internal-identity-vals 1)
(rule ((= (values __uf_b __uf_pb) (__UF_Math __uf_a))
       (= (values __uf_c __uf_pc) (__UF_Math __uf_b))
       (!= __uf_b __uf_c))
      ((set (__UF_Math __uf_a) (values __uf_c ())))
        :ruleset __parent :name "__uf_path_compress")
(function Num (i64 Math) Unit :no-merge :unextractable :internal-hidden :internal-term-node)
(function __NumView (i64) (Math Unit) :merge ((set (__UF_Math (ordering-max old0 new0)) (values (ordering-min old0 new0) ())) (values (ordering-min old0 new0) ())) :internal-term-constructor Num :internal-identity-vals 1)
(index __NumOcc_Math __NumView (any 1))
(function __to_delete_Num (i64) Unit :no-merge :unextractable :internal-hidden)
(function __to_subsume_Num (i64) Unit :no-merge :unextractable :internal-hidden)
(rule ((__to_delete_Num c0_)
       (= (values __pv __pv1) (__NumView c0_)))
      ((delete (__NumView c0_))
       (delete (__to_delete_Num c0_)))
        :ruleset __delete_subsume_ruleset :name "__delete_rule")
(rule ((__to_subsume_Num c0_)
       (= (values __pv2 __pv3) (__NumView c0_)))
      ((subsume (__NumView c0_)))
        :ruleset __delete_subsume_ruleset :name "__delete_rule_subsume")
(rule ((= (values __pv5 __pv6) (__UF_Math __pv4))
       (!= __pv4 __pv5)
       (__NumOcc_Math __pv4 c0_ e1_ __pv7))
      ((let e1_canon_ (__UF_Math_canon e1_ e1_))
       (delete (__NumView c0_))
       (set (__NumView c0_) (values e1_canon_ ())))
        :ruleset __rebuilding :name "__rebuild_rule" :unsafe-seminaive :internal-include-subsumed)
(function Add (Math Math Math) Unit :no-merge :unextractable :internal-hidden :internal-term-node)
(function __AddView (Math Math) (Math Unit) :merge ((set (__UF_Math (ordering-max old0 new0)) (values (ordering-min old0 new0) ())) (values (ordering-min old0 new0) ())) :internal-term-constructor Add :internal-identity-vals 1)
(index __AddOcc_Math __AddView (any 0 1 2))
(function __to_delete_Add (Math Math) Unit :no-merge :unextractable :internal-hidden)
(function __to_subsume_Add (Math Math) Unit :no-merge :unextractable :internal-hidden)
(rule ((__to_delete_Add c0_ c1_)
       (= (values __pv8 __pv9) (__AddView c0_ c1_)))
      ((delete (__AddView c0_ c1_))
       (delete (__to_delete_Add c0_ c1_)))
        :ruleset __delete_subsume_ruleset :name "__delete_rule1")
(rule ((__to_subsume_Add c0_ c1_)
       (= (values __pv10 __pv11) (__AddView c0_ c1_)))
      ((subsume (__AddView c0_ c1_)))
        :ruleset __delete_subsume_ruleset :name "__delete_rule1_subsume")
(rule ((= (values __pv13 __pv14) (__UF_Math __pv12))
       (!= __pv12 __pv13)
       (__AddOcc_Math __pv12 c0_ c1_ e2_ __pv15))
      ((let c0_canon_ (__UF_Math_canon c0_ c0_))
       (let c1_canon_ (__UF_Math_canon c1_ c1_))
       (let e2_canon_ (__UF_Math_canon e2_ e2_))
       (delete (__AddView c0_ c1_))
       (set (__AddView c0_canon_ c1_canon_) (values e2_canon_ ())))
        :ruleset __rebuilding :name "__rebuild_rule1" :unsafe-seminaive :internal-include-subsumed)
(rule ((__to_subsume_Add c0_ c1_)
       (= (values c0_leader_ __pv16) (__UF_Math c0_))
       (!= c0_ c0_leader_))
      ((set (__to_subsume_Add c0_leader_ c1_) ())
       (delete (__to_subsume_Add c0_ c1_)))
        :ruleset __rebuilding :name "__rebuild_to_subsume_rule" :internal-include-subsumed)
(rule ((__to_subsume_Add c0_ c1_)
       (= (values c1_leader_ __pv17) (__UF_Math c1_))
       (!= c1_ c1_leader_))
      ((set (__to_subsume_Add c0_ c1_leader_) ())
       (delete (__to_subsume_Add c0_ c1_)))
        :ruleset __rebuilding :name "__rebuild_to_subsume_rule1" :internal-include-subsumed)
(begin
   (let __pv18 (get-fresh! "Math"))
   (set (Num 1 __pv18) ())
   (let __pv19 (set-if-empty-__NumView! 1 __pv18 ()))
   (let __pv20 (get-fresh! "Math"))
   (set (Num 2 __pv20) ())
   (let __pv21 (set-if-empty-__NumView! 2 __pv20 ()))
   (let __pv22 (get-fresh! "Math"))
   (set (Add __pv19 __pv21 __pv22) ())
   (let __pv23 (set-if-empty-__AddView! __pv19 __pv21 __pv22 ()))
)
(rule ((= (values __pv24 __pv25) (__AddView a b)))
      ((let __pv26 (get-fresh! "Math"))
       (set (Add a b __pv26) ())
       (let __pv27 (set-if-empty-__AddView! a b __pv26 ()))
       (let __union_operand __pv27)
       (set (Add b a __union_operand) ())
       (set (__AddView b a) (values __union_operand ()))
       (let __union_operand1 __union_operand))
         :name "commutativity")
(check (= (values __pv28 __pv29) (__NumView 1))
(= (values __pv30 __pv31) (__NumView 2))
(= (values __pv32 __pv33) (__AddView __pv28 __pv30))
(= (values __pv34 __pv35) (__NumView 2))
(= (values __pv36 __pv37) (__NumView 1))
(= (values __pv38 __pv39) (__AddView __pv34 __pv36))
(= __pv32 __pv38))
(run-schedule (seq (saturate (seq (run __rebuilding_cleanup) (saturate (run __parent)) (run __rebuilding))) (run __delete_subsume_ruleset)))
