---
source: egglog/src/proofs/proof_tests.rs
expression: snapshot
---
(ruleset __parent)
(ruleset __rebuilding)
(ruleset __rebuilding_cleanup)
(ruleset __delete_subsume_ruleset)
(sort Math :internal-uf __UF_Math)
(function __UF_Math (Math) (Math Unit) :merge ((set (__UF_Math (ordering-max old0 new0)) (values (ordering-min old0 new0) ())) (values (ordering-min old0 new0) ())) :unextractable :internal-hidden :internal-identity-vals 1)
(rule ((= (values __uf_b __uf_pb) (__UF_Math __uf_a))
       (= (values __uf_c __uf_pc) (__UF_Math __uf_b))
       (!= __uf_b __uf_c))
      ((set (__UF_Math __uf_a) (values __uf_c ())))
        :ruleset __parent :name "__uf_path_compress")
(sort __view)
(constructor Add (i64 i64) Math :unextractable :internal-hidden)
(function __AddView (i64 i64) (Math Unit) :merge ((set (__UF_Math (ordering-max old0 new0)) (values (ordering-min old0 new0) ())) (values (ordering-min old0 new0) ())) :internal-term-constructor Add :internal-identity-vals 1)
(constructor __to_delete_Add (i64 i64) __view :internal-hidden)
(constructor __to_subsume_Add (i64 i64) __view :internal-hidden)
(rule ((__to_delete_Add c0_ c1_)
       (= (values __v __v1) (__AddView c0_ c1_)))
      ((delete (__AddView c0_ c1_))
       (delete (__to_delete_Add c0_ c1_)))
        :ruleset __delete_subsume_ruleset :name "__delete_rule")
(rule ((__to_subsume_Add c0_ c1_)
       (= (values __v2 __v3) (__AddView c0_ c1_)))
      ((subsume (__AddView c0_ c1_)))
        :ruleset __delete_subsume_ruleset :name "__delete_rule_subsume")
(rule ((= (values __v4 __v5) (__AddView c0_ c1_))
       (= (values __v6 __v7) (__UF_Math __v4))
       (!= __v4 __v6))
      ((set (__AddView c0_ c1_) (values __v6 ())))
        :ruleset __rebuilding :name "__rebuild_rule" :internal-include-subsumed)
(function __v8 () Math :no-merge :unextractable :internal-let)
(set (__v8) (Add 1 2))
(set (__AddView 1 2) (values (__v8) ()))
(run-schedule (seq (saturate (seq (run __rebuilding_cleanup) (saturate (run __parent)) (run __rebuilding))) (run __delete_subsume_ruleset)))
(rule ((= (values __v9 __v10) (__AddView a b)))
      ((let __v12 (Add a b))
       (set (__AddView a b) (values __v12 ()))
       (let __v13 (Add b a))
       (set (__AddView b a) (values __v13 ()))
       (set (__UF_Math (ordering-max __v12 __v13)) (values (ordering-min __v12 __v13) ())))
         :name "commutativity")
(check (= (values __v14 __v15) (__AddView 1 2))
(= (values __v16 __v17) (__AddView 2 1))
(= __v14 __v16))
(run-schedule (seq (saturate (seq (run __rebuilding_cleanup) (saturate (run __parent)) (run __rebuilding))) (run __delete_subsume_ruleset)))
