---
source: egglog/src/proofs/proof_tests.rs
expression: snapshot
---
(ruleset ___parent)
(ruleset ___rebuilding)
(ruleset ___rebuilding_cleanup)
(ruleset ___delete_subsume_ruleset)
(sort ___view :internal-aux-uf ___AuxUF____view)
(function ___AuxUF____view (___view) ___view :merge (ordering-min old new) :unextractable :internal-hidden :internal-identity-vals 1)
(function add (i64 i64 i64) ___view :merge ((set (___AuxUF____view (ordering-max old new)) (ordering-min old new)) (ordering-min old new)) :unextractable :internal-hidden :internal-identity-vals 1 :internal-term-node)
(function ___addView (i64 i64) (i64 Unit) :merge (values old0 ()) :unextractable :internal-term-constructor add :internal-identity-vals 1)
(function ___to_delete_add (i64 i64) Unit :no-merge :unextractable :internal-hidden)
(function ___to_subsume_add (i64 i64) Unit :no-merge :unextractable :internal-hidden)
(rule ((___to_delete_add c0_ c1_)
       (= (values ___v ___v1) (___addView c0_ c1_)))
      ((delete (___addView c0_ c1_))
       (delete (___to_delete_add c0_ c1_)))
        :ruleset ___delete_subsume_ruleset :name "___delete_rule")
(rule ((___to_subsume_add c0_ c1_)
       (= (values ___v2 ___v3) (___addView c0_ c1_)))
      ((subsume (___addView c0_ c1_)))
        :ruleset ___delete_subsume_ruleset :name "___delete_rule_subsume")
(check (= (values ___n ___v4) (___addView 0 0))
(= ___n 0))
(run-schedule (seq (saturate (seq (run ___rebuilding_cleanup) (saturate (run ___parent)) (run ___rebuilding))) (run ___delete_subsume_ruleset)))
