---
source: egglog/src/proofs/proof_tests.rs
expression: snapshot
---
(ruleset __parent)
(ruleset __rebuilding)
(ruleset __rebuilding_cleanup)
(ruleset __delete_subsume_ruleset)
(sort Math :internal-uf __UF_Math)
(function __UF_Math (Math) (Math Unit) :merge ((set (__UF_Math (ordering-max old0 new0)) (values (ordering-min old0 new0) ())) (values (ordering-min old0 new0) ())) :unextractable :internal-hidden :internal-identity-vals 1)
(rule ((= (values __uf_b __uf_pb) (__UF_Math __uf_a))
       (= (values __uf_c __uf_pc) (__UF_Math __uf_b))
       (!= __uf_b __uf_c))
      ((set (__UF_Math __uf_a) (values __uf_c ())))
        :ruleset __parent :name "__uf_path_compress")
(function Add (i64 i64 Math) Unit :no-merge :unextractable :internal-hidden)
(function __AddView (i64 i64) (Math Unit) :merge ((set (__UF_Math (ordering-max old0 new0)) (values (ordering-min old0 new0) ())) (values (ordering-min old0 new0) ())) :internal-term-constructor Add :internal-identity-vals 1)
(function __to_delete_Add (i64 i64) Unit :no-merge :unextractable :internal-hidden :internal-marker)
(function __to_subsume_Add (i64 i64) Unit :no-merge :unextractable :internal-hidden :internal-marker)
(rule ((__to_delete_Add c0_ c1_)
       (= (values __v __v1) (__AddView c0_ c1_)))
      ((delete (__AddView c0_ c1_))
       (delete (__to_delete_Add c0_ c1_)))
        :ruleset __delete_subsume_ruleset :name "__delete_rule")
(rule ((__to_subsume_Add c0_ c1_)
       (= (values __v2 __v3) (__AddView c0_ c1_)))
      ((subsume (__AddView c0_ c1_)))
        :ruleset __delete_subsume_ruleset :name "__delete_rule_subsume")
(rule ((= (values __v4 __v5) (__AddView c0_ c1_))
       (= (values __v6 __v7) (__UF_Math __v4))
       (!= __v4 __v6))
      ((set (__AddView c0_ c1_) (values __v6 ())))
        :ruleset __rebuilding :name "__rebuild_rule" :internal-include-subsumed)
(function __v8 () Math :no-merge :unextractable :internal-let)
(set (__v8) (get-fresh! "Math"))
(set (Add 1 2 (__v8)) ())
(function __v9 () Math :no-merge :unextractable :internal-let)
(set (__v9) (set-if-empty-__AddView! 1 2 (__v8) ()))
(rule ((= (values __v10 __v11) (__AddView a b)))
      ((let __v13 (get-fresh! "Math"))
       (set (Add a b __v13) ())
       (let __v14 (set-if-empty-__AddView! a b __v13 ()))
       (let __v15 (get-fresh! "Math"))
       (set (Add b a __v15) ())
       (let __v16 (set-if-empty-__AddView! b a __v15 ()))
       (set (__UF_Math (ordering-max __v14 __v16)) (values (ordering-min __v14 __v16) ())))
         :name "commutativity")
(check (= (values __v17 __v18) (__AddView 1 2))
(= (values __v19 __v20) (__AddView 2 1))
(= __v17 __v19))
(run-schedule (seq (saturate (seq (run __rebuilding_cleanup) (saturate (run __parent)) (run __rebuilding))) (run __delete_subsume_ruleset)))
