---
source: egglog/src/proofs/proof_tests.rs
assertion_line: 1225
expression: snapshot
---
(ruleset __parent)
(ruleset __rebuilding)
(ruleset __rebuilding_cleanup)
(ruleset __delete_subsume_ruleset)
(sort Math :internal-uf __UF_Math)
(function __UF_Math (Math) (Math Unit) :merge ((set (__UF_Math (ordering-max old0 new0)) (values (ordering-min old0 new0) ())) (values (ordering-min old0 new0) ())) :unextractable :internal-hidden :internal-identity-vals 1)
(rule ((= (values __uf_b __uf_pb) (__UF_Math __uf_a))
       (= (values __uf_c __uf_pc) (__UF_Math __uf_b))
       (!= __uf_b __uf_c))
      ((set (__UF_Math __uf_a) (values __uf_c ())))
        :ruleset __parent :name "__uf_path_compress")
(function Add (i64 i64 Math) Unit :no-merge :unextractable :internal-hidden :internal-term-node)
(function __AddView (i64 i64) (Math Unit) :merge ((set (__UF_Math (ordering-max old0 new0)) (values (ordering-min old0 new0) ())) (values (ordering-min old0 new0) ())) :internal-term-constructor Add :internal-identity-vals 1)
(index __AddOcc_Math __AddView (any 2))
(function __to_delete_Add (i64 i64) Unit :no-merge :unextractable :internal-hidden)
(function __to_subsume_Add (i64 i64) Unit :no-merge :unextractable :internal-hidden)
(rule ((__to_delete_Add c0_ c1_)
       (= (values __pv __pv1) (__AddView c0_ c1_)))
      ((delete (__AddView c0_ c1_))
       (delete (__to_delete_Add c0_ c1_)))
        :ruleset __delete_subsume_ruleset :name "__delete_rule")
(rule ((__to_subsume_Add c0_ c1_)
       (= (values __pv2 __pv3) (__AddView c0_ c1_)))
      ((subsume (__AddView c0_ c1_)))
        :ruleset __delete_subsume_ruleset :name "__delete_rule_subsume")
(rule ((= (values __pv5 __pv6) (__UF_Math __pv4))
       (!= __pv4 __pv5)
       (__AddOcc_Math __pv4 c0_ c1_ e2_ __pv7))
      ((let e2_canon_ (__UF_Math_canon e2_ e2_))
       (delete (__AddView c0_ c1_))
       (set (__AddView c0_ c1_) (values e2_canon_ ())))
        :ruleset __rebuilding :name "__rebuild_rule" :unsafe-seminaive :internal-include-subsumed)
(begin
   (let __pv8 (get-fresh! "Math"))
   (set (Add 1 2 __pv8) ())
   (let __pv9 (set-if-empty-__AddView! 1 2 __pv8 ()))
)
(rule ((= (values __pv10 ()) (__AddView a b)))
      ((let __pv11 (get-fresh! "Math"))
       (set (Add a b __pv11) ())
       (let __pv12 (set-if-empty-__AddView! a b __pv11 ()))
       (let __union_operand __pv12)
       (set (Add b a __union_operand) ())
       (set (__AddView b a) (values __union_operand ()))
       (let __union_operand1 __union_operand))
         :name "commutativity")
(check (= (values __pv13 ()) (__AddView 1 2))
(= (values __pv14 ()) (__AddView 2 1))
(= __pv13 __pv14))
(run-schedule (seq (saturate (seq (run __rebuilding_cleanup) (saturate (run __parent)) (run __rebuilding))) (run __delete_subsume_ruleset)))
