---
source: egglog/tests/files.rs
expression: proof_snapshot
---
(let t0 (S (S (S (Z)))))
(let t1 (S t0))
(let t2 (Plus (S (S (Z))) (S (S (Z)))))
(let t3 (Plus (S (Z)) (S (S (Z)))))
(let t4 (premises (Fiat (= t2 t2))))
(let t5 (n (S (S (Z)))))
(let t6 (substitution (__rewrite_root t2) (m (S (Z))) t5))
(let t7 (Plus (Z) (S (S (Z)))))
(let t8
  (premises
            (Rule
              (= t3 t3)
              (name "(rewrite (Plus (S m) n) (S (Plus m n)))")
              t4
              t6)))
(let t9 (substitution (__rewrite_root t3) (m (Z)) t5))
(Sym
  (= t1 t2)
  (Congr
    (= t2 t1)
    (Rule (= t2 (S t3)) (name "(rewrite (Plus (S m) n) (S (Plus m n)))") t4 t6)
    (Congr
      (= t3 t0)
      (Rule
        (= t3 (S t7))
        (name "(rewrite (Plus (S m) n) (S (Plus m n)))")
        t8
        t9)
      (Rule
        (= t7 (S (S (Z))))
        (name "(rewrite (Plus (Z) n) n)")
        (premises
          (Rule
            (= t7 t7)
            (name "(rewrite (Plus (S m) n) (S (Plus m n)))")
            t8
            t9))
        (substitution (__rewrite_root t7) t5))
      0)
    0))
(let t0 (S (S (S (Z)))))
(let t1 (Times (S (S (Z))) t0))
(let t2 (S t0))
(let t3 (Plus (S (S (Z))) t2))
(let t4 (Plus (S (Z)) t2))
(let t5 (S t4))
(let t6 (Times (S (Z)) t0))
(let t7 (Plus (S (S (Z))) t6))
(let t8 (premises (Fiat (= t1 t1))))
(let t9 (__rewrite_root t1))
(let t10 (n t0))
(let t11 (substitution t9 (m (S (Z))) t10))
(let t12
  (premises
          (Rule
            (= t1 (Plus t0 t6))
            (name "(rewrite (Times (S m) n) (Plus n (Times m n)))")
            t8
            t11)))
(let t13 (m (S (S (Z)))))
(let t14 (n t6))
(let t15 (substitution t9 t13 t14))
(let t16 (S t2))
(let t17 (Plus (S (Z)) t6))
(let t18
  (premises
              (Rule
                (= t7 t7)
                (name "(rewrite (Plus (S m) n) (S (Plus m n)))")
                t12
                t15)))
(let t19 (substitution (__rewrite_root t7) (m (S (Z))) t14))
(let t20 (Plus (Z) t6))
(let t21
  (premises
                  (Rule
                    (= t17 t17)
                    (name "(rewrite (Plus (S m) n) (S (Plus m n)))")
                    t18
                    t19)))
(let t22 (substitution (__rewrite_root t17) (m (Z)) t14))
(let t23 (Times (Z) t0))
(let t24 (Plus (S (S (Z))) t23))
(let t25
  (premises
                      (Rule
                        (= t6 t6)
                        (name "(rewrite (Times (S m) n) (Plus n (Times m n)))")
                        t8
                        t11)))
(let t26 (__rewrite_root t6))
(let t27 (substitution t26 (m (Z)) t10))
(let t28
  (premises
                  (Rule
                    (= t6 (Plus t0 t23))
                    (name "(rewrite (Times (S m) n) (Plus n (Times m n)))")
                    t25
                    t27)))
(let t29 (substitution t26 t13 (n t23)))
(let t30 (Plus (S (Z)) (Z)))
(let t31
  (premises
                    (Congr
                      (= t24 (Plus (S (S (Z))) (Z)))
                      (Rule
                        (= t24 t24)
                        (name "(rewrite (Plus (S m) n) (S (Plus m n)))")
                        t28
                        t29)
                      (Rule
                        (= t23 (Z))
                        (name "(rewrite (Times (Z) n) (Z))")
                        (premises
                          (Rule
                            (= t23 t23)
                            (name
                              "(rewrite (Times (S m) n) (Plus n (Times m n)))")
                            t25
                            t27))
                        (substitution (__rewrite_root t23) t10))
                      1)))
(let t32 (substitution (__rewrite_root t24) (m (S (Z))) (n (Z))))
(let t33
  (premises
                      (Rule
                        (= t30 t30)
                        (name "(rewrite (Plus (S m) n) (S (Plus m n)))")
                        t31
                        t32)))
(let t34 (substitution (__rewrite_root t30) (m (Z)) (n (Z))))
(let t35 (Plus (Z) t2))
(let t36 (Plus (S (S (Z))) (S (S (Z)))))
(let t37 (Plus (S (S (Z))) t36))
(let t38 (Plus (S (Z)) (S (S (Z)))))
(let t39 (premises (Fiat (= t36 t36))))
(let t40 (n (S (S (Z)))))
(let t41 (substitution (__rewrite_root t36) (m (S (Z))) t40))
(let t42 (Plus (Z) (S (S (Z)))))
(let t43
  (premises
                                  (Rule
                                    (= t38 t38)
                                    (name
                                      "(rewrite (Plus (S m) n) (S (Plus m n)))")
                                    t39
                                    t41)))
(let t44 (substitution (__rewrite_root t38) (m (Z)) t40))
(let prf0
  (Congr
                          (= t37 t3)
                          (Fiat (= t37 t37))
                          (Congr
                            (= t36 t2)
                            (Rule
                              (= t36 (S t38))
                              (name "(rewrite (Plus (S m) n) (S (Plus m n)))")
                              t39
                              t41)
                            (Congr
                              (= t38 t0)
                              (Rule
                                (= t38 (S t42))
                                (name "(rewrite (Plus (S m) n) (S (Plus m n)))")
                                t43
                                t44)
                              (Rule
                                (= t42 (S (S (Z))))
                                (name "(rewrite (Plus (Z) n) n)")
                                (premises
                                  (Rule
                                    (= t42 t42)
                                    (name
                                      "(rewrite (Plus (S m) n) (S (Plus m n)))")
                                    t43
                                    t44))
                                (substitution (__rewrite_root t42) t40))
                              0)
                            0)
                          1))
(let t45 (premises (Trans (= t3 t3) (Sym (= t3 t37) prf0) prf0)))
(let t46 (n t2))
(let t47 (substitution (__rewrite_root t3) (m (S (Z))) t46))
(let t48
  (premises
                (Rule
                  (= t4 t4)
                  (name "(rewrite (Plus (S m) n) (S (Plus m n)))")
                  t45
                  t47)))
(let t49 (substitution (__rewrite_root t4) (m (Z)) t46))
(Trans
  (= t1 t3)
  (Congr
    (= t1 t5)
    (Rule
      (= t1 (S t7))
      (name "(rewrite (Plus (S m) n) (S (Plus m n)))")
      t12
      t15)
    (Trans
      (= t7 t4)
      (Congr
        (= t7 t16)
        (Rule
          (= t7 (S t17))
          (name "(rewrite (Plus (S m) n) (S (Plus m n)))")
          t18
          t19)
        (Congr
          (= t17 t2)
          (Congr
            (= t17 (S t6))
            (Rule
              (= t17 (S t20))
              (name "(rewrite (Plus (S m) n) (S (Plus m n)))")
              t21
              t22)
            (Rule
              (= t20 t6)
              (name "(rewrite (Plus (Z) n) n)")
              (premises
                (Rule
                  (= t20 t20)
                  (name "(rewrite (Plus (S m) n) (S (Plus m n)))")
                  t21
                  t22))
              (substitution (__rewrite_root t20) t14))
            0)
          (Congr
            (= t6 t0)
            (Rule
              (= t6 (S t24))
              (name "(rewrite (Plus (S m) n) (S (Plus m n)))")
              t28
              t29)
            (Congr
              (= t24 (S (S (Z))))
              (Rule
                (= t24 (S t30))
                (name "(rewrite (Plus (S m) n) (S (Plus m n)))")
                t31
                t32)
              (Congr
                (= t30 (S (Z)))
                (Rule
                  (= t30 (S (Plus (Z) (Z))))
                  (name "(rewrite (Plus (S m) n) (S (Plus m n)))")
                  t33
                  t34)
                (Rule
                  (= (Plus (Z) (Z)) (Z))
                  (name "(rewrite (Plus (Z) n) n)")
                  (premises
                    (Rule
                      (= (Plus (Z) (Z)) (Plus (Z) (Z)))
                      (name "(rewrite (Plus (S m) n) (S (Plus m n)))")
                      t33
                      t34))
                  (substitution (__rewrite_root (Plus (Z) (Z))) (n (Z))))
                0)
              0)
            0)
          0)
        0)
      (Sym
        (= t16 t4)
        (Congr
          (= t4 t16)
          (Rule
            (= t4 (S t35))
            (name "(rewrite (Plus (S m) n) (S (Plus m n)))")
            t48
            t49)
          (Rule
            (= t35 t2)
            (name "(rewrite (Plus (Z) n) n)")
            (premises
              (Rule
                (= t35 t35)
                (name "(rewrite (Plus (S m) n) (S (Plus m n)))")
                t48
                t49))
            (substitution (__rewrite_root t35) t46))
          0)))
    0)
  (Sym
    (= t5 t3)
    (Rule (= t3 t5) (name "(rewrite (Plus (S m) n) (S (Plus m n)))") t45 t47)))
