---
source: egglog/tests/files.rs
expression: proof_snapshot
---
(let t0 (g* (g* (AConst) (AConst)) (g* (AConst) (AConst))))
(let t1 (g* t0 t0))
(let t2 (__rewrite_root t0))
(let prf0
  (Rule
            (= t0 (IConst))
            (name "(rewrite (g* $A (g* $A (g* $A $A))) $I)")
            (premises
              (Rule
                (= t0 (g* (AConst) (g* (AConst) (g* (AConst) (AConst)))))
                (name "(birewrite (g* (g* a b) c) (g* a (g* b c)))=>")
                (premises (Fiat (= t0 t0)))
                (substitution
                  t2
                  (a (AConst))
                  (b (AConst))
                  (c (g* (AConst) (AConst))))))
            (substitution t2)))
(Rule
  (= t1 (IConst))
  (name "(rewrite (g* $I a) a)")
  (premises
    (Congr
      (= t1 (g* (IConst) (IConst)))
      (Congr (= t1 (g* t0 (IConst))) (Fiat (= t1 t1)) prf0 1)
      prf0
      0))
  (substitution (a (IConst)) (__rewrite_root t1)))
(Fiat (= () ()))
(Fiat (= () ()))
