---
source: egglog/tests/files.rs
expression: proof_snapshot
---
(let t0 (g* (g* (AConst) (AConst)) (g* (AConst) (AConst))))
(let t1 (g* t0 t0))
(Fiat (= t1 t1))
(let t0 (g* (g* (AConst) (AConst)) (g* (AConst) (AConst))))
(let t1 (g* t0 t0))
(let t2 (g* (g* (AConst) (AConst)) (g* (g* (AConst) (AConst)) t0)))
(Sym
  (= t1 t2)
  (Rule
    (= t2 t1)
    (name "(birewrite (g* (g* a b) c) (g* a (g* b c)))=>")
    (premises (Fiat (= t1 t1)))
    (substitution
      (c t0)
      (a (g* (AConst) (AConst)))
      (b (g* (AConst) (AConst)))
      (@rewrite_var__ t1))))
(let t0 (g* (inv (aConst)) (aConst)))
(let t1 (g* (bConst) t0))
(let t2 (g* t1 (inv (bConst))))
(Congr
  (= t2 (g* (bConst) (inv (bConst))))
  (Fiat (= t2 t2))
  (Rule
    (= t1 (bConst))
    (name "(rewrite (g* a $I) a)")
    (premises
      (Congr
        (= t1 (g* (bConst) (IConst)))
        (Fiat (= t1 t1))
        (Rule
          (= t0 (IConst))
          (name "(rewrite (g* (inv a) a) $I)")
          (premises (Fiat (= t0 t0)))
          (substitution (@rewrite_var__4 t0) (a (aConst))))
        1))
    (substitution (a (bConst)) (@rewrite_var__3 t1)))
  0)
(let t0 (g* (bConst) (inv (bConst))))
(Rule
  (= t0 (IConst))
  (name "(rewrite (g* a (inv a)) $I)")
  (premises (Fiat (= t0 t0)))
  (substitution (a (bConst)) (@rewrite_var__5 t0)))
