---
source: egglog/tests/files.rs
assertion_line: 266
expression: proof_snapshot
---
(let t0 (Cons 5 5 (NilConst)))
(let t1 (Cons 12 12 t0))
(let t2 (Cons 3 3 t1))
(let t3 (Knap 13 (Cons 5 5 t2)))
(let t4 (Knap 13 t2))
(let t5 (Knap 8 t2))
(let t6 (Add (Num 5) t5))
(let t7 (Max t6 t4))
(let prf0 (Fiat (= () ())))
(let t8 (premises (Fiat (= t3 t3)) prf0))
(let t9 (substitution (weight 5) (val 5) (capacity 13) (f t3) (rest t2)))
(let t10 (Knap 5 t1))
(let t11 (Add (Num 3) t10))
(let t12 (Knap 10 t1))
(let t13 (Knap 8 t1))
(let t14 (Max t11 t13))
(let t15
  (premises
                                        (Rule
                                          (= t5 t5)
                                          (name
                                            "(rule ((= f (Knap capacity (Cons weight val rest)))
         (<= weight capacity))
        ((union (Knap capacity (Cons weight val rest)) (Max (Add (Num val) (Knap (- capacity weight) rest)) (Knap capacity rest))))
           )")
                                          t8
                                          t9)
                                        prf0))
(let t16 (rest t1))
(let t17
  (substitution
                                        (weight 3)
                                        (val 3)
                                        (capacity 8)
                                        (f t5)
                                        t16))
(let t18 (Knap 5 (Cons 6 6 (NilConst))))
(let t19 (Max (Num 5) t18))
(let t20 (Add (Num 5) (Knap 5 (NilConst))))
(let t21 (Add (Num 5) (Knap 3 (NilConst))))
(let t22 (Max t21 (Knap 8 (NilConst))))
(let t23 (Knap 8 t0))
(let t24 (f t13))
(let t25 (rest t0))
(let prf1
  (Sym
                                              (= t13 t23)
                                              (Rule
                                                (= t23 t13)
                                                (name
                                                  "(rule ((= f (Knap capacity (Cons weight val rest)))
         (> weight capacity))
        ((union (Knap capacity (Cons weight val rest)) (Knap capacity rest)))
           )")
                                                (premises
                                                  (Rule
                                                    (= t13 t13)
                                                    (name
                                                      "(rule ((= f (Knap capacity (Cons weight val rest)))
         (<= weight capacity))
        ((union (Knap capacity (Cons weight val rest)) (Max (Add (Num val) (Knap (- capacity weight) rest)) (Knap capacity rest))))
           )")
                                                    t15
                                                    t17)
                                                  prf0)
                                                (substitution
                                                  (weight 12)
                                                  (val 12)
                                                  (capacity 8)
                                                  t24
                                                  t25))))
(let t26 (premises prf1 prf0))
(let t27
  (substitution
                                                  (weight 5)
                                                  (val 5)
                                                  (capacity 8)
                                                  t24
                                                  (rest (NilConst))))
(let t28 (Add (Num 5) t18))
(let t29
  (Cons
                                                                1
                                                                1
                                                                (NilConst)))
(let t30 (Knap 4 t29))
(let t31 (Cons 1 1 t29))
(let t32 (Knap 5 t31))
(let t33
  (Knap
                                                                      5
                                                                      (Cons
                                                                        1
                                                                        1
                                                                        t31)))
(let t34 (f t18))
(let prf2
  (Rule
                                                          (=
                                                            (Knap 5 (NilConst))
                                                            t18)
                                                          (name
                                                            "(rule ((= f (Knap capacity (Cons weight val rest)))
         (> weight capacity))
        ((union (Knap capacity (Cons weight val rest)) (Knap capacity rest)))
           )")
                                                          (premises
                                                            (Fiat (= t18 t18))
                                                            prf0)
                                                          (substitution
                                                            (weight 6)
                                                            (val 6)
                                                            (capacity 5)
                                                            t34
                                                            (rest (NilConst)))))
(let prf3
  (Sym
                                                        (=
                                                          t18
                                                          (Knap 5 (NilConst)))
                                                        prf2))
(let prf4
  (Rule
                                                    (=
                                                      (Num 0)
                                                      (Knap 5 (NilConst)))
                                                    (name
                                                      "(rule ((= f (Knap capacity $Nil)))
        ((union (Knap capacity $Nil) (Num 0)))
           )")
                                                    (premises prf3)
                                                    (substitution
                                                      (capacity 5)
                                                      t34)))
(let prf5 (Trans (= (Num 0) t18) prf4 prf2))
(let t35 (Knap 10 t0))
(let t36
  (premises
                                                              (Rule
                                                                (= t4 t4)
                                                                (name
                                                                  "(rule ((= f (Knap capacity (Cons weight val rest)))
         (<= weight capacity))
        ((union (Knap capacity (Cons weight val rest)) (Max (Add (Num val) (Knap (- capacity weight) rest)) (Knap capacity rest))))
           )")
                                                                t8
                                                                t9)
                                                              prf0))
(let t37
  (substitution
                                                              (weight 3)
                                                              (val 3)
                                                              (capacity 13)
                                                              (f t4)
                                                              t16))
(let t38 (f t12))
(let prf6
  (Sym
                                                      (= t12 t35)
                                                      (Rule
                                                        (= t35 t12)
                                                        (name
                                                          "(rule ((= f (Knap capacity (Cons weight val rest)))
         (> weight capacity))
        ((union (Knap capacity (Cons weight val rest)) (Knap capacity rest)))
           )")
                                                        (premises
                                                          (Rule
                                                            (= t12 t12)
                                                            (name
                                                              "(rule ((= f (Knap capacity (Cons weight val rest)))
         (<= weight capacity))
        ((union (Knap capacity (Cons weight val rest)) (Max (Add (Num val) (Knap (- capacity weight) rest)) (Knap capacity rest))))
           )")
                                                            t36
                                                            t37)
                                                          prf0)
                                                        (substitution
                                                          (weight 12)
                                                          (val 12)
                                                          (capacity 10)
                                                          t38
                                                          t25))))
(let t39 (premises prf6 prf0))
(let t40
  (substitution
                                                    (weight 5)
                                                    (val 5)
                                                    (capacity 10)
                                                    t38
                                                    (rest (NilConst))))
(let prf7
  (Congr
                                                (= t20 t28)
                                                (Rule
                                                  (= t20 t20)
                                                  (name
                                                    "(rule ((= f (Knap capacity (Cons weight val rest)))
         (<= weight capacity))
        ((union (Knap capacity (Cons weight val rest)) (Max (Add (Num val) (Knap (- capacity weight) rest)) (Knap capacity rest))))
           )")
                                                  t39
                                                  t40)
                                                prf2
                                                1))
(let prf8 (Sym (= t28 t20) prf7))
(let prf9
  (Trans
                                                (= t18 (Num 0))
                                                prf3
                                                (Sym
                                                  (= (Knap 5 (NilConst)) (Num 0))
                                                  prf4)))
(let prf10
  (Rule
                                          (= t20 (Num 5))
                                          (name
                                            "(rewrite (Add (Num a) (Num b)) (Num (+ a b)))")
                                          (premises
                                            (Congr
                                              (= t20 (Add (Num 5) (Num 0)))
                                              prf7
                                              prf9
                                              1))
                                          (substitution
                                            (a 5)
                                            (b 0)
                                            (@rewrite_var__ t20))))
(let t41 (Knap 13 t0))
(let t42 (Knap 13 t1))
(let t43
  (premises
                                                    (Rule
                                                      (= t42 t42)
                                                      (name
                                                        "(rule ((= f (Knap capacity (Cons weight val rest)))
         (<= weight capacity))
        ((union (Knap capacity (Cons weight val rest)) (Max (Add (Num val) (Knap (- capacity weight) rest)) (Knap capacity rest))))
           )")
                                                      t36
                                                      t37)
                                                    prf0))
(let t44
  (substitution
                                                    (weight 12)
                                                    (val 12)
                                                    (capacity 13)
                                                    (f t42)
                                                    t25))
(let t45
  (premises
                                                (Rule
                                                  (= t41 t41)
                                                  (name
                                                    "(rule ((= f (Knap capacity (Cons weight val rest)))
         (<= weight capacity))
        ((union (Knap capacity (Cons weight val rest)) (Max (Add (Num val) (Knap (- capacity weight) rest)) (Knap capacity rest))))
           )")
                                                  t43
                                                  t44)
                                                prf0))
(let t46
  (substitution
                                                (weight 5)
                                                (val 5)
                                                (capacity 13)
                                                (f t41)
                                                (rest (NilConst))))
(let prf11
  (Trans
                                        (= (Knap 8 (NilConst)) t18)
                                        (Rule
                                          (= (Knap 8 (NilConst)) (Num 0))
                                          (name
                                            "(rule ((= f (Knap capacity $Nil)))
        ((union (Knap capacity $Nil) (Num 0)))
           )")
                                          (premises
                                            (Rule
                                              (=
                                                (Knap 8 (NilConst))
                                                (Knap 8 (NilConst)))
                                              (name
                                                "(rule ((= f (Knap capacity (Cons weight val rest)))
         (<= weight capacity))
        ((union (Knap capacity (Cons weight val rest)) (Max (Add (Num val) (Knap (- capacity weight) rest)) (Knap capacity rest))))
           )")
                                              t45
                                              t46))
                                          (substitution
                                            (capacity 8)
                                            (f (Knap 8 (NilConst)))))
                                        prf5))
(let t47 (Max t20 (Knap 10 (NilConst))))
(let prf12
  (Congr
                                        (= t12 t19)
                                        (Congr
                                          (=
                                            t12
                                            (Max (Num 5) (Knap 10 (NilConst))))
                                          (Trans
                                            (= t12 t47)
                                            prf6
                                            (Sym
                                              (= t35 t47)
                                              (Rule
                                                (= t47 t35)
                                                (name
                                                  "(rule ((= f (Knap capacity (Cons weight val rest)))
         (<= weight capacity))
        ((union (Knap capacity (Cons weight val rest)) (Max (Add (Num val) (Knap (- capacity weight) rest)) (Knap capacity rest))))
           )")
                                                t39
                                                t40)))
                                          prf10
                                          0)
                                        (Trans
                                          (= (Knap 10 (NilConst)) t18)
                                          (Rule
                                            (= (Knap 10 (NilConst)) (Num 0))
                                            (name
                                              "(rule ((= f (Knap capacity $Nil)))
        ((union (Knap capacity $Nil) (Num 0)))
           )")
                                            (premises
                                              (Rule
                                                (=
                                                  (Knap 10 (NilConst))
                                                  (Knap 10 (NilConst)))
                                                (name
                                                  "(rule ((= f (Knap capacity (Cons weight val rest)))
         (<= weight capacity))
        ((union (Knap capacity (Cons weight val rest)) (Max (Add (Num val) (Knap (- capacity weight) rest)) (Knap capacity rest))))
           )")
                                                t39
                                                t40))
                                            (substitution
                                              (capacity 10)
                                              (f (Knap 10 (NilConst)))))
                                          prf5)
                                        1))
(let t48 (Add (Num 5) (Knap 0 (NilConst))))
(let t49 (Max t48 t18))
(let t50 (Max t48 (Knap 5 (NilConst))))
(let t51 (Knap 5 t0))
(let t52 (f t10))
(let prf13
  (Sym
                                            (= t10 t51)
                                            (Rule
                                              (= t51 t10)
                                              (name
                                                "(rule ((= f (Knap capacity (Cons weight val rest)))
         (> weight capacity))
        ((union (Knap capacity (Cons weight val rest)) (Knap capacity rest)))
           )")
                                              (premises
                                                (Rule
                                                  (= t10 t10)
                                                  (name
                                                    "(rule ((= f (Knap capacity (Cons weight val rest)))
         (<= weight capacity))
        ((union (Knap capacity (Cons weight val rest)) (Max (Add (Num val) (Knap (- capacity weight) rest)) (Knap capacity rest))))
           )")
                                                  t15
                                                  t17)
                                                prf0)
                                              (substitution
                                                (weight 12)
                                                (val 12)
                                                (capacity 5)
                                                t52
                                                t25))))
(let t53 (premises prf13 prf0))
(let t54
  (substitution
                                                (weight 5)
                                                (val 5)
                                                (capacity 5)
                                                t52
                                                (rest (NilConst))))
(let prf14 (Trans (= t28 (Num 5)) prf8 prf10))
(let prf15
  (Congr
                                      (= t10 t19)
                                      (Trans
                                        (= t10 t49)
                                        (Trans
                                          (= t10 t50)
                                          prf13
                                          (Sym
                                            (= t51 t50)
                                            (Rule
                                              (= t50 t51)
                                              (name
                                                "(rule ((= f (Knap capacity (Cons weight val rest)))
         (<= weight capacity))
        ((union (Knap capacity (Cons weight val rest)) (Max (Add (Num val) (Knap (- capacity weight) rest)) (Knap capacity rest))))
           )")
                                              t53
                                              t54)))
                                        (Congr
                                          (= t50 t49)
                                          (Rule
                                            (= t50 t50)
                                            (name
                                              "(rule ((= f (Knap capacity (Cons weight val rest)))
         (<= weight capacity))
        ((union (Knap capacity (Cons weight val rest)) (Max (Add (Num val) (Knap (- capacity weight) rest)) (Knap capacity rest))))
           )")
                                            t53
                                            t54)
                                          prf2
                                          1))
                                      (Trans
                                        (= t48 (Num 5))
                                        (Congr
                                          (= t48 t28)
                                          (Rule
                                            (= t48 t48)
                                            (name
                                              "(rule ((= f (Knap capacity (Cons weight val rest)))
         (<= weight capacity))
        ((union (Knap capacity (Cons weight val rest)) (Max (Add (Num val) (Knap (- capacity weight) rest)) (Knap capacity rest))))
           )")
                                            t53
                                            t54)
                                          (Trans
                                            (= (Knap 0 (NilConst)) t18)
                                            (Rule
                                              (= (Knap 0 (NilConst)) (Num 0))
                                              (name
                                                "(rule ((= f (Knap capacity $Nil)))
        ((union (Knap capacity $Nil) (Num 0)))
           )")
                                              (premises
                                                (Rule
                                                  (=
                                                    (Knap 0 (NilConst))
                                                    (Knap 0 (NilConst)))
                                                  (name
                                                    "(rule ((= f (Knap capacity (Cons weight val rest)))
         (<= weight capacity))
        ((union (Knap capacity (Cons weight val rest)) (Max (Add (Num val) (Knap (- capacity weight) rest)) (Knap capacity rest))))
           )")
                                                  t53
                                                  t54))
                                              (substitution
                                                (capacity 0)
                                                (f (Knap 0 (NilConst)))))
                                            prf5)
                                          1)
                                        prf14)
                                      0))
(let prf16 (Sym (= t19 t10) prf15))
(let prf17 (Trans (= t12 t10) prf12 prf16))
(let prf18
  (Rule
                                (= t10 (Num 5))
                                (name
                                  "(rewrite (Max (Num a) (Num b)) (Num (max a b)))")
                                (premises
                                  (Congr
                                    (= t10 (Max (Num 5) (Num 0)))
                                    prf15
                                    prf9
                                    1))
                                (substitution (@rewrite_var__1 t10) (a 5) (b 0))))
(let prf19
  (Sym
                              (= t11 (Num 8))
                              (Rule
                                (= (Num 8) t11)
                                (name
                                  "(rewrite (Add (Num a) (Num b)) (Num (+ a b)))")
                                (premises
                                  (Congr
                                    (= t11 (Add (Num 3) (Num 5)))
                                    (Rule
                                      (= t11 t11)
                                      (name
                                        "(rule ((= f (Knap capacity (Cons weight val rest)))
         (<= weight capacity))
        ((union (Knap capacity (Cons weight val rest)) (Max (Add (Num val) (Knap (- capacity weight) rest)) (Knap capacity rest))))
           )")
                                      t15
                                      t17)
                                    prf18
                                    1))
                                (substitution (a 3) (b 5) (@rewrite_var__ t11)))))
(let t55 (Add (Num 3) t12))
(let t56 (Max t55 t42))
(let t57 (Knap 1 t0))
(let t58 (Add (Num 12) t57))
(let t59 (Max t58 t41))
(let t60 (Add (Num 5) (Knap 8 (NilConst))))
(let t61 (Max t60 (Knap 13 (NilConst))))
(let t62 (f t57))
(let prf20
  (Sym
                                          (= t57 (Knap 1 (NilConst)))
                                          (Rule
                                            (= (Knap 1 (NilConst)) t57)
                                            (name
                                              "(rule ((= f (Knap capacity (Cons weight val rest)))
         (> weight capacity))
        ((union (Knap capacity (Cons weight val rest)) (Knap capacity rest)))
           )")
                                            (premises
                                              (Rule
                                                (= t57 t57)
                                                (name
                                                  "(rule ((= f (Knap capacity (Cons weight val rest)))
         (<= weight capacity))
        ((union (Knap capacity (Cons weight val rest)) (Max (Add (Num val) (Knap (- capacity weight) rest)) (Knap capacity rest))))
           )")
                                                t43
                                                t44)
                                              prf0)
                                            (substitution
                                              (weight 5)
                                              (val 5)
                                              (capacity 1)
                                              t62
                                              (rest (NilConst))))))
(Sym
  (= t3 (Num 13))
  (Rule
    (= (Num 13) t3)
    (name "(rewrite (Max (Num a) (Num b)) (Num (max a b)))")
    (premises
      (Congr
        (= t3 (Max (Num 13) (Num 12)))
        (Congr
          (= t3 (Max (Num 13) t4))
          (Sym
            (= t3 t7)
            (Rule
              (= t7 t3)
              (name
                "(rule ((= f (Knap capacity (Cons weight val rest)))
       (<= weight capacity))
      ((union (Knap capacity (Cons weight val rest)) (Max (Add (Num val) (Knap (- capacity weight) rest)) (Knap capacity rest))))
         )")
              t8
              t9))
          (Sym
            (= t6 (Num 13))
            (Rule
              (= (Num 13) t6)
              (name "(rewrite (Add (Num a) (Num b)) (Num (+ a b)))")
              (premises
                (Congr
                  (= t6 (Add (Num 5) (Num 8)))
                  (Rule
                    (= t6 t6)
                    (name
                      "(rule ((= f (Knap capacity (Cons weight val rest)))
       (<= weight capacity))
      ((union (Knap capacity (Cons weight val rest)) (Max (Add (Num val) (Knap (- capacity weight) rest)) (Knap capacity rest))))
         )")
                    t8
                    t9)
                  (Sym
                    (= t5 (Num 8))
                    (Rule
                      (= (Num 8) t5)
                      (name "(rewrite (Max (Num a) (Num b)) (Num (max a b)))")
                      (premises
                        (Congr
                          (= t5 (Max (Num 8) (Num 5)))
                          (Congr
                            (= t5 (Max t11 (Num 5)))
                            (Congr
                              (= t5 (Max t11 t10))
                              (Congr
                                (= t5 (Max t11 t12))
                                (Sym
                                  (= t5 t14)
                                  (Rule
                                    (= t14 t5)
                                    (name
                                      "(rule ((= f (Knap capacity (Cons weight val rest)))
       (<= weight capacity))
      ((union (Knap capacity (Cons weight val rest)) (Max (Add (Num val) (Knap (- capacity weight) rest)) (Knap capacity rest))))
         )")
                                    t15
                                    t17))
                                (Trans
                                  (= t13 t12)
                                  (Congr
                                    (= t13 t19)
                                    (Congr
                                      (= t13 (Max (Num 5) (Knap 8 (NilConst))))
                                      (Congr
                                        (= t13 (Max t20 (Knap 8 (NilConst))))
                                        (Trans
                                          (= t13 t22)
                                          prf1
                                          (Sym
                                            (= t23 t22)
                                            (Rule
                                              (= t22 t23)
                                              (name
                                                "(rule ((= f (Knap capacity (Cons weight val rest)))
       (<= weight capacity))
      ((union (Knap capacity (Cons weight val rest)) (Max (Add (Num val) (Knap (- capacity weight) rest)) (Knap capacity rest))))
         )")
                                              t26
                                              t27)))
                                        (Trans
                                          (= t21 t20)
                                          (Congr
                                            (= t21 t28)
                                            (Rule
                                              (= t21 t21)
                                              (name
                                                "(rule ((= f (Knap capacity (Cons weight val rest)))
       (<= weight capacity))
      ((union (Knap capacity (Cons weight val rest)) (Max (Add (Num val) (Knap (- capacity weight) rest)) (Knap capacity rest))))
         )")
                                              t26
                                              t27)
                                            (Trans
                                              (= (Knap 3 (NilConst)) t18)
                                              (Rule
                                                (= (Knap 3 (NilConst)) (Num 0))
                                                (name
                                                  "(rule ((= f (Knap capacity $Nil)))
      ((union (Knap capacity $Nil) (Num 0)))
         )")
                                                (premises
                                                  (Rule
                                                    (=
                                                      (Knap 3 (NilConst))
                                                      (Knap 3 (NilConst)))
                                                    (name
                                                      "(rule ((= f (Knap capacity (Cons weight val rest)))
       (<= weight capacity))
      ((union (Knap capacity (Cons weight val rest)) (Max (Add (Num val) (Knap (- capacity weight) rest)) (Knap capacity rest))))
         )")
                                                    (premises
                                                      (Rule
                                                        (= t30 t30)
                                                        (name
                                                          "(rule ((= f (Knap capacity (Cons weight val rest)))
       (<= weight capacity))
      ((union (Knap capacity (Cons weight val rest)) (Max (Add (Num val) (Knap (- capacity weight) rest)) (Knap capacity rest))))
         )")
                                                        (premises
                                                          (Rule
                                                            (= t32 t32)
                                                            (name
                                                              "(rule ((= f (Knap capacity (Cons weight val rest)))
       (<= weight capacity))
      ((union (Knap capacity (Cons weight val rest)) (Max (Add (Num val) (Knap (- capacity weight) rest)) (Knap capacity rest))))
         )")
                                                            (premises
                                                              (Fiat (= t33 t33))
                                                              prf0)
                                                            (substitution
                                                              (weight 1)
                                                              (val 1)
                                                              (capacity 5)
                                                              (f t33)
                                                              (rest t31)))
                                                          prf0)
                                                        (substitution
                                                          (weight 1)
                                                          (val 1)
                                                          (capacity 5)
                                                          (f t32)
                                                          (rest t29)))
                                                      prf0)
                                                    (substitution
                                                      (weight 1)
                                                      (val 1)
                                                      (capacity 4)
                                                      (f t30)
                                                      (rest (NilConst)))))
                                                (substitution
                                                  (capacity 3)
                                                  (f (Knap 3 (NilConst)))))
                                              prf5)
                                            1)
                                          prf8)
                                        0)
                                      prf10
                                      0)
                                    prf11
                                    1)
                                  (Sym (= t19 t12) prf12))
                                1)
                              prf17
                              1)
                            prf18
                            1)
                          prf19
                          0))
                      (substitution (@rewrite_var__1 t5) (a 8) (b 5))))
                  1))
              (substitution (a 5) (b 8) (@rewrite_var__ t6))))
          0)
        (Sym
          (= t4 (Num 12))
          (Rule
            (= (Num 12) t4)
            (name "(rewrite (Max (Num a) (Num b)) (Num (max a b)))")
            (premises
              (Congr
                (= t4 (Max (Num 8) (Num 12)))
                (Congr
                  (= t4 (Max (Num 8) t42))
                  (Congr
                    (= t4 (Max t11 t42))
                    (Sym
                      (= t4 t56)
                      (Rule
                        (= t56 t4)
                        (name
                          "(rule ((= f (Knap capacity (Cons weight val rest)))
       (<= weight capacity))
      ((union (Knap capacity (Cons weight val rest)) (Max (Add (Num val) (Knap (- capacity weight) rest)) (Knap capacity rest))))
         )")
                        t36
                        t37))
                    (Congr
                      (= t55 t11)
                      (Rule
                        (= t55 t55)
                        (name
                          "(rule ((= f (Knap capacity (Cons weight val rest)))
       (<= weight capacity))
      ((union (Knap capacity (Cons weight val rest)) (Max (Add (Num val) (Knap (- capacity weight) rest)) (Knap capacity rest))))
         )")
                        t36
                        t37)
                      prf17
                      1)
                    0)
                  prf19
                  0)
                (Sym
                  (= t42 (Num 12))
                  (Rule
                    (= (Num 12) t42)
                    (name "(rewrite (Max (Num a) (Num b)) (Num (max a b)))")
                    (premises
                      (Congr
                        (= t42 (Max (Num 12) (Num 5)))
                        (Congr
                          (= t42 (Max (Num 12) t10))
                          (Congr
                            (= t42 (Max t58 t10))
                            (Sym
                              (= t42 t59)
                              (Rule
                                (= t59 t42)
                                (name
                                  "(rule ((= f (Knap capacity (Cons weight val rest)))
       (<= weight capacity))
      ((union (Knap capacity (Cons weight val rest)) (Max (Add (Num val) (Knap (- capacity weight) rest)) (Knap capacity rest))))
         )")
                                t43
                                t44))
                            (Trans
                              (= t41 t10)
                              (Congr
                                (= t41 t19)
                                (Congr
                                  (= t41 (Max t60 t18))
                                  (Sym
                                    (= t41 t61)
                                    (Rule
                                      (= t61 t41)
                                      (name
                                        "(rule ((= f (Knap capacity (Cons weight val rest)))
       (<= weight capacity))
      ((union (Knap capacity (Cons weight val rest)) (Max (Add (Num val) (Knap (- capacity weight) rest)) (Knap capacity rest))))
         )")
                                      t45
                                      t46))
                                  (Trans
                                    (= (Knap 13 (NilConst)) t18)
                                    (Rule
                                      (= (Knap 13 (NilConst)) (Num 0))
                                      (name
                                        "(rule ((= f (Knap capacity $Nil)))
      ((union (Knap capacity $Nil) (Num 0)))
         )")
                                      (premises
                                        (Rule
                                          (=
                                            (Knap 13 (NilConst))
                                            (Knap 13 (NilConst)))
                                          (name
                                            "(rule ((= f (Knap capacity (Cons weight val rest)))
       (<= weight capacity))
      ((union (Knap capacity (Cons weight val rest)) (Max (Add (Num val) (Knap (- capacity weight) rest)) (Knap capacity rest))))
         )")
                                          t45
                                          t46))
                                      (substitution
                                        (capacity 13)
                                        (f (Knap 13 (NilConst)))))
                                    prf5)
                                  1)
                                (Trans
                                  (= t60 (Num 5))
                                  (Congr
                                    (= t60 t28)
                                    (Rule
                                      (= t60 t60)
                                      (name
                                        "(rule ((= f (Knap capacity (Cons weight val rest)))
       (<= weight capacity))
      ((union (Knap capacity (Cons weight val rest)) (Max (Add (Num val) (Knap (- capacity weight) rest)) (Knap capacity rest))))
         )")
                                      t45
                                      t46)
                                    prf11
                                    1)
                                  prf14)
                                0)
                              prf16)
                            1)
                          (Rule
                            (= t58 (Num 12))
                            (name
                              "(rewrite (Add (Num a) (Num b)) (Num (+ a b)))")
                            (premises
                              (Congr
                                (= t58 (Add (Num 12) (Num 0)))
                                (Congr
                                  (= t58 (Add (Num 12) t18))
                                  (Rule
                                    (= t58 t58)
                                    (name
                                      "(rule ((= f (Knap capacity (Cons weight val rest)))
       (<= weight capacity))
      ((union (Knap capacity (Cons weight val rest)) (Max (Add (Num val) (Knap (- capacity weight) rest)) (Knap capacity rest))))
         )")
                                    t43
                                    t44)
                                  (Trans
                                    (= t57 t18)
                                    (Trans
                                      (= t57 (Num 0))
                                      prf20
                                      (Rule
                                        (= (Knap 1 (NilConst)) (Num 0))
                                        (name
                                          "(rule ((= f (Knap capacity $Nil)))
      ((union (Knap capacity $Nil) (Num 0)))
         )")
                                        (premises prf20)
                                        (substitution (capacity 1) t62)))
                                    prf5)
                                  1)
                                prf9
                                1))
                            (substitution (a 12) (b 0) (@rewrite_var__ t58)))
                          0)
                        prf18
                        1))
                    (substitution (@rewrite_var__1 t42) (a 12) (b 5))))
                1))
            (substitution (@rewrite_var__1 t4) (a 8) (b 12))))
        1))
    (substitution (@rewrite_var__1 t3) (a 13) (b 12))))
