---
source: egglog/tests/files.rs
expression: proof_snapshot
---
(let t0 (Integral (Mul (Cos (Var "x")) (Var "x")) (Var "x")))
(let t1 (Integral (Var "x") (Var "x")))
(let t2 (Mul (Cos (Var "x")) t1))
(let t3 (Diff (Var "x") (Cos (Var "x"))))
(let t4 (Integral t1 (Var "x")))
(let t5 (Mul t3 t4))
(let t6 (Diff (Var "x") t3))
(let t7 (Integral t4 (Var "x")))
(let t8 (Mul t6 t7))
(let t9 (Diff (Var "x") t6))
(let t10 (Integral t7 (Var "x")))
(let t11 (Mul t9 t10))
(let t12 (Diff (Var "x") t9))
(let t13 (Integral t10 (Var "x")))
(let t14 (Mul t12 t13))
(let t15 (Diff (Var "x") t12))
(let t16 (Integral t13 (Var "x")))
(let t17 (Mul t15 t16))
(let t18 (Diff (Var "x") t15))
(let t19 (Integral t16 (Var "x")))
(let t20 (Mul t18 t19))
(let t21 (Diff (Var "x") t18))
(let t22 (Integral t19 (Var "x")))
(let t23 (Mul t21 t22))
(let t24 (Diff (Var "x") t21))
(let t25 (Integral t22 (Var "x")))
(let t26 (Mul t24 t25))
(let t27 (Diff (Var "x") t24))
(let t28 (Integral t25 (Var "x")))
(let t29 (Mul t27 t28))
(let t30 (Diff (Var "x") t27))
(let t31 (Integral t28 (Var "x")))
(let t32
  (Sub
                            (Mul t30 t31)
                            (Integral (Mul (Diff (Var "x") t30) t31) (Var "x"))))
(let t33 (Sub t29 t32))
(let t34 (Sub t26 t33))
(let t35 (Sub t23 t34))
(let t36 (Sub t20 t35))
(let t37 (Sub t17 t36))
(let t38 (Sub t14 t37))
(let t39 (Sub t11 t38))
(let t40 (Sub t8 t39))
(let t41 (Sub t5 t40))
(let t42 (Integral (Mul t3 t1) (Var "x")))
(let t43 (premises (Fiat (= t0 t0))))
(let t44
  (substitution
        (__rewrite_root t0)
        (a (Cos (Var "x")))
        (b (Var "x"))
        (x (Var "x"))))
(let t45 (Integral (Mul t6 t4) (Var "x")))
(let t46
  (premises
          (Rule
            (= t42 t42)
            (name
              "(rewrite (Integral (Mul a b) x) (Sub (Mul a (Integral b x)) (Integral (Mul (Diff x a) (Integral b x)) x)))")
            t43
            t44)))
(let t47 (substitution (__rewrite_root t42) (a t3) (b t1) (x (Var "x"))))
(let t48 (Integral (Mul t9 t7) (Var "x")))
(let t49
  (premises
            (Rule
              (= t45 t45)
              (name
                "(rewrite (Integral (Mul a b) x) (Sub (Mul a (Integral b x)) (Integral (Mul (Diff x a) (Integral b x)) x)))")
              t46
              t47)))
(let t50 (substitution (__rewrite_root t45) (a t6) (b t4) (x (Var "x"))))
(let t51 (Integral (Mul t12 t10) (Var "x")))
(let t52
  (premises
              (Rule
                (= t48 t48)
                (name
                  "(rewrite (Integral (Mul a b) x) (Sub (Mul a (Integral b x)) (Integral (Mul (Diff x a) (Integral b x)) x)))")
                t49
                t50)))
(let t53 (substitution (__rewrite_root t48) (a t9) (b t7) (x (Var "x"))))
(let t54 (Integral (Mul t15 t13) (Var "x")))
(let t55
  (premises
                (Rule
                  (= t51 t51)
                  (name
                    "(rewrite (Integral (Mul a b) x) (Sub (Mul a (Integral b x)) (Integral (Mul (Diff x a) (Integral b x)) x)))")
                  t52
                  t53)))
(let t56 (substitution (__rewrite_root t51) (a t12) (b t10) (x (Var "x"))))
(let t57 (Integral (Mul t18 t16) (Var "x")))
(let t58
  (premises
                  (Rule
                    (= t54 t54)
                    (name
                      "(rewrite (Integral (Mul a b) x) (Sub (Mul a (Integral b x)) (Integral (Mul (Diff x a) (Integral b x)) x)))")
                    t55
                    t56)))
(let t59 (substitution (__rewrite_root t54) (a t15) (b t13) (x (Var "x"))))
(let t60 (Integral (Mul t21 t19) (Var "x")))
(let t61
  (premises
                    (Rule
                      (= t57 t57)
                      (name
                        "(rewrite (Integral (Mul a b) x) (Sub (Mul a (Integral b x)) (Integral (Mul (Diff x a) (Integral b x)) x)))")
                      t58
                      t59)))
(let t62
  (substitution
                    (__rewrite_root t57)
                    (a t18)
                    (b t16)
                    (x (Var "x"))))
(let t63 (Integral (Mul t24 t22) (Var "x")))
(let t64
  (premises
                      (Rule
                        (= t60 t60)
                        (name
                          "(rewrite (Integral (Mul a b) x) (Sub (Mul a (Integral b x)) (Integral (Mul (Diff x a) (Integral b x)) x)))")
                        t61
                        t62)))
(let t65
  (substitution
                      (__rewrite_root t60)
                      (a t21)
                      (b t19)
                      (x (Var "x"))))
(let t66 (Integral (Mul t27 t25) (Var "x")))
(let t67
  (premises
                        (Rule
                          (= t63 t63)
                          (name
                            "(rewrite (Integral (Mul a b) x) (Sub (Mul a (Integral b x)) (Integral (Mul (Diff x a) (Integral b x)) x)))")
                          t64
                          t65)))
(let t68
  (substitution
                        (__rewrite_root t63)
                        (a t24)
                        (b t22)
                        (x (Var "x"))))
(let t69 (Integral (Mul t30 t28) (Var "x")))
(let t70
  (premises
                          (Rule
                            (= t66 t66)
                            (name
                              "(rewrite (Integral (Mul a b) x) (Sub (Mul a (Integral b x)) (Integral (Mul (Diff x a) (Integral b x)) x)))")
                            t67
                            t68)))
(let t71
  (substitution
                          (__rewrite_root t66)
                          (a t27)
                          (b t25)
                          (x (Var "x"))))
(Congr
  (= t0 (Sub t2 t41))
  (Rule
    (= t0 (Sub t2 t42))
    (name
      "(rewrite (Integral (Mul a b) x) (Sub (Mul a (Integral b x)) (Integral (Mul (Diff x a) (Integral b x)) x)))")
    t43
    t44)
  (Congr
    (= t42 t41)
    (Rule
      (= t42 (Sub t5 t45))
      (name
        "(rewrite (Integral (Mul a b) x) (Sub (Mul a (Integral b x)) (Integral (Mul (Diff x a) (Integral b x)) x)))")
      t46
      t47)
    (Congr
      (= t45 t40)
      (Rule
        (= t45 (Sub t8 t48))
        (name
          "(rewrite (Integral (Mul a b) x) (Sub (Mul a (Integral b x)) (Integral (Mul (Diff x a) (Integral b x)) x)))")
        t49
        t50)
      (Congr
        (= t48 t39)
        (Rule
          (= t48 (Sub t11 t51))
          (name
            "(rewrite (Integral (Mul a b) x) (Sub (Mul a (Integral b x)) (Integral (Mul (Diff x a) (Integral b x)) x)))")
          t52
          t53)
        (Congr
          (= t51 t38)
          (Rule
            (= t51 (Sub t14 t54))
            (name
              "(rewrite (Integral (Mul a b) x) (Sub (Mul a (Integral b x)) (Integral (Mul (Diff x a) (Integral b x)) x)))")
            t55
            t56)
          (Congr
            (= t54 t37)
            (Rule
              (= t54 (Sub t17 t57))
              (name
                "(rewrite (Integral (Mul a b) x) (Sub (Mul a (Integral b x)) (Integral (Mul (Diff x a) (Integral b x)) x)))")
              t58
              t59)
            (Congr
              (= t57 t36)
              (Rule
                (= t57 (Sub t20 t60))
                (name
                  "(rewrite (Integral (Mul a b) x) (Sub (Mul a (Integral b x)) (Integral (Mul (Diff x a) (Integral b x)) x)))")
                t61
                t62)
              (Congr
                (= t60 t35)
                (Rule
                  (= t60 (Sub t23 t63))
                  (name
                    "(rewrite (Integral (Mul a b) x) (Sub (Mul a (Integral b x)) (Integral (Mul (Diff x a) (Integral b x)) x)))")
                  t64
                  t65)
                (Congr
                  (= t63 t34)
                  (Rule
                    (= t63 (Sub t26 t66))
                    (name
                      "(rewrite (Integral (Mul a b) x) (Sub (Mul a (Integral b x)) (Integral (Mul (Diff x a) (Integral b x)) x)))")
                    t67
                    t68)
                  (Congr
                    (= t66 t33)
                    (Rule
                      (= t66 (Sub t29 t69))
                      (name
                        "(rewrite (Integral (Mul a b) x) (Sub (Mul a (Integral b x)) (Integral (Mul (Diff x a) (Integral b x)) x)))")
                      t70
                      t71)
                    (Rule
                      (= t69 t32)
                      (name
                        "(rewrite (Integral (Mul a b) x) (Sub (Mul a (Integral b x)) (Integral (Mul (Diff x a) (Integral b x)) x)))")
                      (premises
                        (Rule
                          (= t69 t69)
                          (name
                            "(rewrite (Integral (Mul a b) x) (Sub (Mul a (Integral b x)) (Integral (Mul (Diff x a) (Integral b x)) x)))")
                          t70
                          t71))
                      (substitution
                        (__rewrite_root t69)
                        (a t30)
                        (b t28)
                        (x (Var "x"))))
                    1)
                  1)
                1)
              1)
            1)
          1)
        1)
      1)
    1)
  1)
