---
source: egglog/tests/files.rs
assertion_line: 266
expression: proof_snapshot
---
(let prf0 (Fiat (= (fib 1 1) (fib 1 1))))
(let prf1 (Fiat (= 1 1)))
(let prf2
  (Rule
                    (= (fib 2 1) (fib 2 1))
                    (name
                      "(rule ((= f0 (fib x))
         (= f1 (fib (+ x 1))))
        ((set (fib (+ x 2)) (+ f0 f1)))
           )")
                    (premises
                      (Fiat (= (fib 0 0) (fib 0 0)))
                      (Fiat (= 0 0))
                      prf0
                      prf1)
                    (substitution (@n1 1) (f1 1) (@n 0) (x 0) (f0 0))))
(let prf3
  (Rule
                (= (fib 3 2) (fib 3 2))
                (name
                  "(rule ((= f0 (fib x))
         (= f1 (fib (+ x 1))))
        ((set (fib (+ x 2)) (+ f0 f1)))
           )")
                (premises prf0 prf1 prf2 prf1)
                (substitution (@n1 1) (f1 1) (@n 1) (x 1) (f0 1))))
(let prf4 (Fiat (= 2 2)))
(let prf5
  (Rule
                (= (fib 4 3) (fib 4 3))
                (name
                  "(rule ((= f0 (fib x))
         (= f1 (fib (+ x 1))))
        ((set (fib (+ x 2)) (+ f0 f1)))
           )")
                (premises prf2 prf1 prf3 prf4)
                (substitution (@n1 2) (f1 2) (@n 1) (x 2) (f0 1))))
(let prf6 (Fiat (= 3 3)))
(let prf7
  (Rule
            (= (fib 5 5) (fib 5 5))
            (name
              "(rule ((= f0 (fib x))
         (= f1 (fib (+ x 1))))
        ((set (fib (+ x 2)) (+ f0 f1)))
           )")
            (premises prf3 prf4 prf5 prf6)
            (substitution (@n1 3) (f1 3) (@n 2) (x 3) (f0 2))))
(let prf8 (Fiat (= 5 5)))
(Rule
  (= (@ExistsConstructor) (@ExistsConstructor))
  (name "@prove_exists_rule")
  (premises
    (Rule
      (= (fib 7 13) (fib 7 13))
      (name
        "(rule ((= f0 (fib x))
       (= f1 (fib (+ x 1))))
      ((set (fib (+ x 2)) (+ f0 f1)))
         )")
      (premises
        prf7
        prf8
        (Rule
          (= (fib 6 8) (fib 6 8))
          (name
            "(rule ((= f0 (fib x))
       (= f1 (fib (+ x 1))))
      ((set (fib (+ x 2)) (+ f0 f1)))
         )")
          (premises prf5 prf6 prf7 prf8)
          (substitution (@n1 5) (f1 5) (@n 3) (x 4) (f0 3)))
        (Fiat (= 8 8)))
      (substitution (@n1 8) (f1 8) (@n 5) (x 5) (f0 5)))
    (Fiat (= 13 13)))
  (substitution (@n2 13)))
