---
source: egglog/tests/files.rs
assertion_line: 279
expression: proof_snapshot
---
(let t0 (If (Var "x") (N 0) (N 1)))
(let t1 (Add t0 (N 2)))
(let t2 (Abs "x" t1))
(let t3 (App t2 (FConst)))
(let t4 (Comb t0))
(let t5 (CAbs "x" t4))
(let t6 (CApp t5 (CFConst)))
(let t7 (Uncomb t6))
(let t8 (Add t7 (N 2)))
(let t9 (Comb t3))
(let t10 (Uncomb t9))
(let t11 (CApp (CAddConst) t6))
(let t12 (CApp (CAddConst) t4))
(let t13 (CAbs "x" t12))
(let t14 (CApp t13 (CFConst)))
(let t15 (CAbs "x" (Comb (N 2))))
(let t16 (CApp t15 (CFConst)))
(let t17 (CApp (CApp (SConst) t13) t15))
(let t18 (Comb t2))
(let t19 (x t3))
(let t20 (CApp t12 (Comb (N 2))))
(let t21 (Comb t1))
(let t22
  (premises
                                  (Congr
                                    (= t18 (CAbs "x" t20))
                                    (Rule
                                      (= t18 (CAbs "x" t21))
                                      (name
                                        "(rule ((= x (Abs v body)))
        ((union (Comb x) (CAbs v (Comb body))))
           )")
                                      (premises (Fiat (= t2 t2)))
                                      (substitution (v "x") (body t1) (x t2)))
                                    (Rule
                                      (= t21 t20)
                                      (name
                                        "(rule ((= x (Add l r)))
        ((union (Comb x) (CApp (CApp $CAdd (Comb l)) (Comb r))))
           )")
                                      (premises (Fiat (= t1 t1)))
                                      (substitution (r (N 2)) (x t1) (l t0)))
                                    1)))
(let t23
  (substitution
                                  (v "x")
                                  (y (Comb (N 2)))
                                  (x t12)
                                  (@rewrite_var__9 t18)))
(let t24
  (premises
                            (Congr
                              (= t9 (CApp t17 (CFConst)))
                              (Congr
                                (= t9 (CApp t18 (CFConst)))
                                (Rule
                                  (= t9 (CApp t18 (Comb (FConst))))
                                  (name
                                    "(rule ((= x (App f a)))
        ((union (Comb x) (CApp (Comb f) (Comb a))))
           )")
                                  (premises (Fiat (= t3 t3)))
                                  (substitution (a (FConst)) (f t2) t19))
                                (Sym
                                  (= (Comb (FConst)) (CFConst))
                                  (Rule
                                    (= (CFConst) (Comb (FConst)))
                                    (name
                                      "(rule ((= x $F))
        ((union (Comb x) $CF))
           )")
                                    (premises (Fiat (= (FConst) (FConst))))
                                    (substitution (x (FConst)))))
                                1)
                              (Rule
                                (= t18 t17)
                                (name
                                  "(rewrite (CAbs v (CApp x y)) (CApp (CApp $S (CAbs v x)) (CAbs v y)))")
                                t22
                                t23)
                              0)))
(let t25
  (substitution
                            (cz (CFConst))
                            (cx t13)
                            (@rewrite_var__16 t9)
                            (cy t15)))
(let t26 (CApp (KConst) (Comb (N 2))))
(let t27 (CApp (KConst) (CN 2)))
(let prf0
  (Rule
                                        (= (Comb (N 2)) (CN 2))
                                        (name
                                          "(rule ((= x (N n)))
        ((union (Comb x) (CN n)))
           )")
                                        (premises (Fiat (= (N 2) (N 2))))
                                        (substitution (x (N 2)) (n 2))))
(let t28
  (premises
                                    (Congr
                                      (= t15 (CAbs "x" (CN 2)))
                                      (Rule
                                        (= t15 t15)
                                        (name
                                          "(rewrite (CAbs v (CApp x y)) (CApp (CApp $S (CAbs v x)) (CAbs v y)))")
                                        t22
                                        t23)
                                      prf0
                                      1)))
(let t29
  (substitution
                                    (@rewrite_var__4 t15)
                                    (v "x")
                                    (n 2)))
(let t30 (cx (Comb (N 2))))
(let t31 (CApp (CAbs "x" (CAddConst)) (CFConst)))
(let t32 (CApp (CApp (SConst) (CAbs "x" (CAddConst))) t5))
(let t33
  (premises
                                  (Rule
                                    (= t13 t13)
                                    (name
                                      "(rewrite (CAbs v (CApp x y)) (CApp (CApp $S (CAbs v x)) (CAbs v y)))")
                                    t22
                                    t23)))
(let t34
  (substitution
                                  (v "x")
                                  (y t4)
                                  (x (CAddConst))
                                  (@rewrite_var__9 t13)))
(let t35
  (premises
                            (Congr
                              (= t14 (CApp t32 (CFConst)))
                              (Rule
                                (= t14 t14)
                                (name
                                  "(rewrite (CApp (CApp (CApp $S cx) cy) cz) (CApp (CApp cx cz) (CApp cy cz)))")
                                t24
                                t25)
                              (Rule
                                (= t13 t32)
                                (name
                                  "(rewrite (CAbs v (CApp x y)) (CApp (CApp $S (CAbs v x)) (CAbs v y)))")
                                t33
                                t34)
                              0)))
(let t36
  (substitution
                            (cz (CFConst))
                            (cx (CAbs "x" (CAddConst)))
                            (@rewrite_var__16 t14)
                            (cy t5)))
(let t37
  (premises
                    (Congr
                      (= t9 (CApp t11 (Comb (N 2))))
                      (Congr
                        (= t9 (CApp t14 (Comb (N 2))))
                        (Rule
                          (= t9 (CApp t14 t16))
                          (name
                            "(rewrite (CApp (CApp (CApp $S cx) cy) cz) (CApp (CApp cx cz) (CApp cy cz)))")
                          t24
                          t25)
                        (Rule
                          (= t16 (Comb (N 2)))
                          (name "(rewrite (CApp (CApp $K cx) cy) cx)")
                          (premises
                            (Congr
                              (= t16 (CApp t26 (CFConst)))
                              (Rule
                                (= t16 t16)
                                (name
                                  "(rewrite (CApp (CApp (CApp $S cx) cy) cz) (CApp (CApp cx cz) (CApp cy cz)))")
                                t24
                                t25)
                              (Trans
                                (= t15 t26)
                                (Rule
                                  (= t15 t27)
                                  (name
                                    "(rewrite (CAbs v (CN n)) (CApp $K (CN n)))")
                                  t28
                                  t29)
                                (Congr
                                  (= t27 t26)
                                  (Rule
                                    (= t27 t27)
                                    (name
                                      "(rewrite (CAbs v (CN n)) (CApp $K (CN n)))")
                                    t28
                                    t29)
                                  (Sym (= (CN 2) (Comb (N 2))) prf0)
                                  1))
                              0))
                          (substitution (@rewrite_var__15 t16) t30 (cy (CFConst))))
                        1)
                      (Congr
                        (= t14 t11)
                        (Rule
                          (= t14 (CApp t31 t6))
                          (name
                            "(rewrite (CApp (CApp (CApp $S cx) cy) cz) (CApp (CApp cx cz) (CApp cy cz)))")
                          t35
                          t36)
                        (Rule
                          (= t31 (CAddConst))
                          (name "(rewrite (CApp (CApp $K cx) cy) cx)")
                          (premises
                            (Congr
                              (= t31 (CApp (CApp (KConst) (CAddConst)) (CFConst)))
                              (Rule
                                (= t31 t31)
                                (name
                                  "(rewrite (CApp (CApp (CApp $S cx) cy) cz) (CApp (CApp cx cz) (CApp cy cz)))")
                                t35
                                t36)
                              (Rule
                                (=
                                  (CAbs "x" (CAddConst))
                                  (CApp (KConst) (CAddConst)))
                                (name "(rewrite (CAbs v $CAdd) (CApp $K $CAdd))")
                                (premises
                                  (Rule
                                    (=
                                      (CAbs "x" (CAddConst))
                                      (CAbs "x" (CAddConst)))
                                    (name
                                      "(rewrite (CAbs v (CApp x y)) (CApp (CApp $S (CAbs v x)) (CAbs v y)))")
                                    t33
                                    t34))
                                (substitution
                                  (v "x")
                                  (@rewrite_var__8 (CAbs "x" (CAddConst)))))
                              0))
                          (substitution
                            (@rewrite_var__15 t31)
                            (cx (CAddConst))
                            (cy (CFConst))))
                        0)
                      0)))
(let t38 (substitution (cl t6) (cr (Comb (N 2))) (cx t9)))
(let t39 (Uncomb (Comb (N 2))))
(let t40 (Add t7 t39))
(let t41 (If (FConst) (N 0) (N 1)))
(let t42 (Uncomb (Comb (N 0))))
(let t43 (Uncomb (Comb (N 1))))
(let t44 (If (Uncomb (CFConst)) t42 t43))
(let t45 (CApp (CApp (CIfConst) (CFConst)) (Comb (N 0))))
(let t46 (CApp (CIfConst) (Comb (Var "x"))))
(let t47 (CApp t46 (Comb (N 0))))
(let t48 (CAbs "x" t47))
(let t49 (CApp t48 (CFConst)))
(let t50 (CAbs "x" (Comb (N 1))))
(let t51 (CApp t50 (CFConst)))
(let t52 (CApp (CApp (SConst) t48) t50))
(let t53 (CApp t47 (Comb (N 1))))
(let t54
  (premises
                                (Congr
                                  (= t5 (CAbs "x" t53))
                                  (Rule
                                    (= t5 t5)
                                    (name
                                      "(rewrite (CAbs v (CApp x y)) (CApp (CApp $S (CAbs v x)) (CAbs v y)))")
                                    t33
                                    t34)
                                  (Rule
                                    (= t4 t53)
                                    (name
                                      "(rule ((= x (If c t f)))
        ((union (Comb x) (CApp (CApp (CApp $CIf (Comb c)) (Comb t)) (Comb f))))
           )")
                                    (premises (Fiat (= t0 t0)))
                                    (substitution
                                      (t (N 0))
                                      (f (N 1))
                                      (x t0)
                                      (c (Var "x"))))
                                  1)))
(let t55
  (substitution
                                (v "x")
                                (y (Comb (N 1)))
                                (x t47)
                                (@rewrite_var__9 t5)))
(let t56
  (premises
                          (Congr
                            (= t6 (CApp t52 (CFConst)))
                            (Rule
                              (= t6 t6)
                              (name
                                "(rewrite (CApp (CApp (CApp $S cx) cy) cz) (CApp (CApp cx cz) (CApp cy cz)))")
                              t35
                              t36)
                            (Rule
                              (= t5 t52)
                              (name
                                "(rewrite (CAbs v (CApp x y)) (CApp (CApp $S (CAbs v x)) (CAbs v y)))")
                              t54
                              t55)
                            0)))
(let t57
  (substitution
                          (cz (CFConst))
                          (cx t48)
                          (@rewrite_var__16 t6)
                          (cy t50)))
(let t58 (CApp (KConst) (Comb (N 1))))
(let t59 (CApp (KConst) (CN 1)))
(let prf1
  (Rule
                                      (= (Comb (N 1)) (CN 1))
                                      (name
                                        "(rule ((= x (N n)))
        ((union (Comb x) (CN n)))
           )")
                                      (premises (Fiat (= (N 1) (N 1))))
                                      (substitution (x (N 1)) (n 1))))
(let t60
  (premises
                                  (Congr
                                    (= t50 (CAbs "x" (CN 1)))
                                    (Rule
                                      (= t50 t50)
                                      (name
                                        "(rewrite (CAbs v (CApp x y)) (CApp (CApp $S (CAbs v x)) (CAbs v y)))")
                                      t54
                                      t55)
                                    prf1
                                    1)))
(let t61 (substitution (@rewrite_var__4 t50) (v "x") (n 1)))
(let t62 (cx (Comb (N 1))))
(let t63 (CAbs "x" t46))
(let t64 (CApp t63 (CFConst)))
(let t65 (CAbs "x" (Comb (N 0))))
(let t66 (CApp t65 (CFConst)))
(let t67 (CApp (CApp (SConst) t63) t65))
(let t68
  (premises
                                  (Rule
                                    (= t48 t48)
                                    (name
                                      "(rewrite (CAbs v (CApp x y)) (CApp (CApp $S (CAbs v x)) (CAbs v y)))")
                                    t54
                                    t55)))
(let t69
  (substitution
                                  (v "x")
                                  (y (Comb (N 0)))
                                  (x t46)
                                  (@rewrite_var__9 t48)))
(let t70
  (premises
                            (Congr
                              (= t49 (CApp t67 (CFConst)))
                              (Rule
                                (= t49 t49)
                                (name
                                  "(rewrite (CApp (CApp (CApp $S cx) cy) cz) (CApp (CApp cx cz) (CApp cy cz)))")
                                t56
                                t57)
                              (Rule
                                (= t48 t67)
                                (name
                                  "(rewrite (CAbs v (CApp x y)) (CApp (CApp $S (CAbs v x)) (CAbs v y)))")
                                t68
                                t69)
                              0)))
(let t71
  (substitution
                            (cz (CFConst))
                            (cx t63)
                            (@rewrite_var__16 t49)
                            (cy t65)))
(let t72 (CApp (KConst) (Comb (N 0))))
(let t73 (CApp (KConst) (CN 0)))
(let prf2
  (Rule
                                        (= (Comb (N 0)) (CN 0))
                                        (name
                                          "(rule ((= x (N n)))
        ((union (Comb x) (CN n)))
           )")
                                        (premises (Fiat (= (N 0) (N 0))))
                                        (substitution (x (N 0)) (n 0))))
(let t74
  (premises
                                    (Congr
                                      (= t65 (CAbs "x" (CN 0)))
                                      (Rule
                                        (= t65 t65)
                                        (name
                                          "(rewrite (CAbs v (CApp x y)) (CApp (CApp $S (CAbs v x)) (CAbs v y)))")
                                        t68
                                        t69)
                                      prf2
                                      1)))
(let t75
  (substitution
                                    (@rewrite_var__4 t65)
                                    (v "x")
                                    (n 0)))
(let t76 (cx (Comb (N 0))))
(let t77 (CApp (CAbs "x" (CIfConst)) (CFConst)))
(let t78 (CAbs "x" (Comb (Var "x"))))
(let t79 (CApp t78 (CFConst)))
(let t80
  (CApp
                                      (CApp (SConst) (CAbs "x" (CIfConst)))
                                      t78))
(let t81
  (premises
                                    (Rule
                                      (= t63 t63)
                                      (name
                                        "(rewrite (CAbs v (CApp x y)) (CApp (CApp $S (CAbs v x)) (CAbs v y)))")
                                      t68
                                      t69)))
(let t82
  (substitution
                                    (v "x")
                                    (y (Comb (Var "x")))
                                    (x (CIfConst))
                                    (@rewrite_var__9 t63)))
(let t83
  (premises
                              (Congr
                                (= t64 (CApp t80 (CFConst)))
                                (Rule
                                  (= t64 t64)
                                  (name
                                    "(rewrite (CApp (CApp (CApp $S cx) cy) cz) (CApp (CApp cx cz) (CApp cy cz)))")
                                  t70
                                  t71)
                                (Rule
                                  (= t63 t80)
                                  (name
                                    "(rewrite (CAbs v (CApp x y)) (CApp (CApp $S (CAbs v x)) (CAbs v y)))")
                                  t81
                                  t82)
                                0)))
(let t84
  (substitution
                              (cz (CFConst))
                              (cx (CAbs "x" (CIfConst)))
                              (@rewrite_var__16 t64)
                              (cy t78)))
(let t85
  (premises
                  (Congr
                    (= t6 (CApp t45 (Comb (N 1))))
                    (Congr
                      (= t6 (CApp t49 (Comb (N 1))))
                      (Rule
                        (= t6 (CApp t49 t51))
                        (name
                          "(rewrite (CApp (CApp (CApp $S cx) cy) cz) (CApp (CApp cx cz) (CApp cy cz)))")
                        t56
                        t57)
                      (Rule
                        (= t51 (Comb (N 1)))
                        (name "(rewrite (CApp (CApp $K cx) cy) cx)")
                        (premises
                          (Congr
                            (= t51 (CApp t58 (CFConst)))
                            (Rule
                              (= t51 t51)
                              (name
                                "(rewrite (CApp (CApp (CApp $S cx) cy) cz) (CApp (CApp cx cz) (CApp cy cz)))")
                              t56
                              t57)
                            (Trans
                              (= t50 t58)
                              (Rule
                                (= t50 t59)
                                (name
                                  "(rewrite (CAbs v (CN n)) (CApp $K (CN n)))")
                                t60
                                t61)
                              (Congr
                                (= t59 t58)
                                (Rule
                                  (= t59 t59)
                                  (name
                                    "(rewrite (CAbs v (CN n)) (CApp $K (CN n)))")
                                  t60
                                  t61)
                                (Sym (= (CN 1) (Comb (N 1))) prf1)
                                1))
                            0))
                        (substitution (@rewrite_var__15 t51) t62 (cy (CFConst))))
                      1)
                    (Congr
                      (= t49 t45)
                      (Congr
                        (= t49 (CApp t64 (Comb (N 0))))
                        (Rule
                          (= t49 (CApp t64 t66))
                          (name
                            "(rewrite (CApp (CApp (CApp $S cx) cy) cz) (CApp (CApp cx cz) (CApp cy cz)))")
                          t70
                          t71)
                        (Rule
                          (= t66 (Comb (N 0)))
                          (name "(rewrite (CApp (CApp $K cx) cy) cx)")
                          (premises
                            (Congr
                              (= t66 (CApp t72 (CFConst)))
                              (Rule
                                (= t66 t66)
                                (name
                                  "(rewrite (CApp (CApp (CApp $S cx) cy) cz) (CApp (CApp cx cz) (CApp cy cz)))")
                                t70
                                t71)
                              (Trans
                                (= t65 t72)
                                (Rule
                                  (= t65 t73)
                                  (name
                                    "(rewrite (CAbs v (CN n)) (CApp $K (CN n)))")
                                  t74
                                  t75)
                                (Congr
                                  (= t73 t72)
                                  (Rule
                                    (= t73 t73)
                                    (name
                                      "(rewrite (CAbs v (CN n)) (CApp $K (CN n)))")
                                    t74
                                    t75)
                                  (Sym (= (CN 0) (Comb (N 0))) prf2)
                                  1))
                              0))
                          (substitution (@rewrite_var__15 t66) t76 (cy (CFConst))))
                        1)
                      (Congr
                        (= t64 (CApp (CIfConst) (CFConst)))
                        (Congr
                          (= t64 (CApp t77 (CFConst)))
                          (Rule
                            (= t64 (CApp t77 t79))
                            (name
                              "(rewrite (CApp (CApp (CApp $S cx) cy) cz) (CApp (CApp cx cz) (CApp cy cz)))")
                            t83
                            t84)
                          (Rule
                            (= t79 (CFConst))
                            (name "(rewrite (CApp $I cx) cx)")
                            (premises
                              (Congr
                                (= t79 (CApp (IConst) (CFConst)))
                                (Rule
                                  (= t79 t79)
                                  (name
                                    "(rewrite (CApp (CApp (CApp $S cx) cy) cz) (CApp (CApp cx cz) (CApp cy cz)))")
                                  t83
                                  t84)
                                (Rule
                                  (= t78 (IConst))
                                  (name "(rewrite (CAbs v (CVar v)) $I)")
                                  (premises
                                    (Congr
                                      (= t78 (CAbs "x" (CVar "x")))
                                      (Rule
                                        (= t78 t78)
                                        (name
                                          "(rewrite (CAbs v (CApp x y)) (CApp (CApp $S (CAbs v x)) (CAbs v y)))")
                                        t81
                                        t82)
                                      (Rule
                                        (= (Comb (Var "x")) (CVar "x"))
                                        (name
                                          "(rule ((= x (Var v)))
        ((union (Comb x) (CVar v)))
           )")
                                        (premises (Fiat (= (Var "x") (Var "x"))))
                                        (substitution (v "x") (x (Var "x"))))
                                      1))
                                  (substitution (@rewrite_var__2 t78) (v "x")))
                                0))
                            (substitution (@rewrite_var__14 t79) (cx (CFConst))))
                          1)
                        (Rule
                          (= t77 (CIfConst))
                          (name "(rewrite (CApp (CApp $K cx) cy) cx)")
                          (premises
                            (Congr
                              (= t77 (CApp (CApp (KConst) (CIfConst)) (CFConst)))
                              (Rule
                                (= t77 t77)
                                (name
                                  "(rewrite (CApp (CApp (CApp $S cx) cy) cz) (CApp (CApp cx cz) (CApp cy cz)))")
                                t83
                                t84)
                              (Rule
                                (=
                                  (CAbs "x" (CIfConst))
                                  (CApp (KConst) (CIfConst)))
                                (name "(rewrite (CAbs v $CIf) (CApp $K $CIf))")
                                (premises
                                  (Rule
                                    (=
                                      (CAbs "x" (CIfConst))
                                      (CAbs "x" (CIfConst)))
                                    (name
                                      "(rewrite (CAbs v (CApp x y)) (CApp (CApp $S (CAbs v x)) (CAbs v y)))")
                                    t81
                                    t82))
                                (substitution
                                  (@rewrite_var__7 (CAbs "x" (CIfConst)))
                                  (v "x")))
                              0))
                          (substitution
                            (@rewrite_var__15 t77)
                            (cx (CIfConst))
                            (cy (CFConst))))
                        0)
                      0)
                    0)))
(let t86
  (substitution
                  (cc (CFConst))
                  (ct (Comb (N 0)))
                  (cx t6)
                  (cf (Comb (N 1)))))
(Rule
  (= t3 (N 3))
  (name "(rewrite (Add (N n) (N m)) (N (+ n m)))")
  (premises
    (Congr
      (= t3 (Add (N 1) (N 2)))
      (Trans
        (= t3 t8)
        (Sym
          (= t3 t10)
          (Rule
            (= t10 t3)
            (name "(rewrite (Uncomb (Comb x)) x)")
            (premises
              (Rule
                (= t10 t10)
                (name
                  "(rule ((= cx (CApp (CApp $CAdd cl) cr)))
      ((union (Uncomb cx) (Add (Uncomb cl) (Uncomb cr))))
         )")
                t37
                t38))
            (substitution (@rewrite_var__1 t10) t19)))
        (Trans
          (= t10 t8)
          (Rule
            (= t10 t40)
            (name
              "(rule ((= cx (CApp (CApp $CAdd cl) cr)))
      ((union (Uncomb cx) (Add (Uncomb cl) (Uncomb cr))))
         )")
            t37
            t38)
          (Congr
            (= t40 t8)
            (Rule
              (= t40 t40)
              (name
                "(rule ((= cx (CApp (CApp $CAdd cl) cr)))
      ((union (Uncomb cx) (Add (Uncomb cl) (Uncomb cr))))
         )")
              t37
              t38)
            (Rule
              (= t39 (N 2))
              (name
                "(rule ((= cx (CN n)))
      ((union (Uncomb cx) (N n)))
         )")
              (premises prf0)
              (substitution t30 (n 2)))
            1)))
      (Rule
        (= t7 (N 1))
        (name "(rewrite (If $F t f) f)")
        (premises
          (Trans
            (= t7 t41)
            (Rule
              (= t7 t44)
              (name
                "(rule ((= cx (CApp (CApp (CApp $CIf cc) ct) cf)))
      ((union (Uncomb cx) (If (Uncomb cc) (Uncomb ct) (Uncomb cf))))
         )")
              t85
              t86)
            (Congr
              (= t44 t41)
              (Congr
                (= t44 (If (FConst) (N 0) t43))
                (Congr
                  (= t44 (If (FConst) t42 t43))
                  (Rule
                    (= t44 t44)
                    (name
                      "(rule ((= cx (CApp (CApp (CApp $CIf cc) ct) cf)))
      ((union (Uncomb cx) (If (Uncomb cc) (Uncomb ct) (Uncomb cf))))
         )")
                    t85
                    t86)
                  (Sym
                    (= (Uncomb (CFConst)) (FConst))
                    (Rule
                      (= (FConst) (Uncomb (CFConst)))
                      (name
                        "(rule ((= cx $CF))
      ((union (Uncomb cx) $F))
         )")
                      (premises (Fiat (= (CFConst) (CFConst))))
                      (substitution (cx (CFConst)))))
                  0)
                (Rule
                  (= t42 (N 0))
                  (name
                    "(rule ((= cx (CN n)))
      ((union (Uncomb cx) (N n)))
         )")
                  (premises prf2)
                  (substitution t76 (n 0)))
                1)
              (Rule
                (= t43 (N 1))
                (name
                  "(rule ((= cx (CN n)))
      ((union (Uncomb cx) (N n)))
         )")
                (premises prf1)
                (substitution t62 (n 1)))
              2)))
        (substitution (@rewrite_var__12 t7) (t (N 0)) (f (N 1))))
      0))
  (substitution (@rewrite_var__13 t3) (m 2) (n 1)))
