---
source: egglog/tests/files.rs
expression: snapshot
---
before-proofs.egg
bignum.egg
complex-merge-prim.egg
container-rebuild.egg
cykjson.egg
eggcc-extraction.egg
eqsat-basic-multiset.egg
extract-vec-bench.egg
factoring-multisets.egg
fusion.egg
hardboiled_conv1d_128.egg
herbie-tutorial.egg
interval.egg
levenshtein-distance.egg
looking_up_global.egg
luminal-llama.egg
map.egg
merge-action-block.egg
merge_read.egg
multiset.egg
naive-action-lookup.egg
pair.egg
prims.egg
python_array_optimize.egg
rat-pow-eval.egg
repro-738-fn-sort.egg
repro-herbie-vanilla.egg
repro-new-backend-python-vec.egg
repro-unsound.egg
repro-vec-unequal.egg
set.egg
set_sort_function.egg
stresstest_large_expr.egg
taylor51.egg
towers-of-hanoi.egg
tricky-type-checking.egg
tuple-output.egg
typed_primitive_unstable_app.egg
uf-extraction.egg
unsafe-seminaive-read-prim.egg
unsafe-seminaive.egg
unstable-fn.egg
vec.egg
