---
source: egglog/tests/files.rs
expression: proof_snapshot
---
(let t0 (S (S (S (Z)))))
(let t1 (S t0))
(let t2 (Plus (S (S (Z))) (S (S (Z)))))
(let t3 (Plus (S (Z)) (S (S (Z)))))
(let t4 (premises (Fiat (= t2 t2))))
(let t5 (n (S (S (Z)))))
(let t6 (substitution (@rewrite_var__1 t2) (m (S (Z))) t5))
(let t7 (Plus (Z) (S (S (Z)))))
(let t8
  (premises
            (Rule
              (= t3 t3)
              (name "(rewrite (Plus (S m) n) (S (Plus m n)))")
              t4
              t6)))
(let t9 (substitution (@rewrite_var__1 t3) (m (Z)) t5))
(Sym
  (= t1 t2)
  (Congr
    (= t2 t1)
    (Rule (= t2 (S t3)) (name "(rewrite (Plus (S m) n) (S (Plus m n)))") t4 t6)
    (Congr
      (= t3 t0)
      (Rule
        (= t3 (S t7))
        (name "(rewrite (Plus (S m) n) (S (Plus m n)))")
        t8
        t9)
      (Rule
        (= t7 (S (S (Z))))
        (name "(rewrite (Plus (Z) n) n)")
        (premises
          (Rule
            (= t7 t7)
            (name "(rewrite (Plus (S m) n) (S (Plus m n)))")
            t8
            t9))
        (substitution t5 (@rewrite_var__ t7)))
      0)
    0))
(let t0 (S (S (S (Z)))))
(let t1 (Times (S (S (Z))) t0))
(let t2 (S t0))
(let t3 (Plus (S (S (Z))) t2))
(let t4 (Plus (S (Z)) t2))
(let t5 (S t4))
(let t6 (Times (S (Z)) t0))
(let t7 (Plus (S (S (Z))) t6))
(let t8 (premises (Fiat (= t1 t1))))
(let t9 (n t0))
(let t10 (substitution (m (S (Z))) t9 (@rewrite_var__3 t1)))
(let t11
  (premises
          (Rule
            (= t1 (Plus t0 t6))
            (name "(rewrite (Times (S m) n) (Plus n (Times m n)))")
            t8
            t10)))
(let t12 (m (S (S (Z)))))
(let t13 (n t6))
(let t14 (substitution (@rewrite_var__1 t1) t12 t13))
(let t15 (S t2))
(let t16 (Plus (S (Z)) t6))
(let t17
  (premises
              (Rule
                (= t7 t7)
                (name "(rewrite (Plus (S m) n) (S (Plus m n)))")
                t11
                t14)))
(let t18 (substitution (@rewrite_var__1 t7) (m (S (Z))) t13))
(let t19 (Plus (Z) t6))
(let t20
  (premises
                  (Rule
                    (= t16 t16)
                    (name "(rewrite (Plus (S m) n) (S (Plus m n)))")
                    t17
                    t18)))
(let t21 (substitution (@rewrite_var__1 t16) (m (Z)) t13))
(let t22 (Times (Z) t0))
(let t23 (Plus (S (S (Z))) t22))
(let t24
  (premises
                      (Rule
                        (= t6 t6)
                        (name "(rewrite (Times (S m) n) (Plus n (Times m n)))")
                        t8
                        t10)))
(let t25 (substitution (m (Z)) t9 (@rewrite_var__3 t6)))
(let t26
  (premises
                  (Rule
                    (= t6 (Plus t0 t22))
                    (name "(rewrite (Times (S m) n) (Plus n (Times m n)))")
                    t24
                    t25)))
(let t27 (substitution (@rewrite_var__1 t6) t12 (n t22)))
(let t28 (Plus (S (Z)) (Z)))
(let t29
  (premises
                    (Congr
                      (= t23 (Plus (S (S (Z))) (Z)))
                      (Rule
                        (= t23 t23)
                        (name "(rewrite (Plus (S m) n) (S (Plus m n)))")
                        t26
                        t27)
                      (Rule
                        (= t22 (Z))
                        (name "(rewrite (Times (Z) n) (Z))")
                        (premises
                          (Rule
                            (= t22 t22)
                            (name
                              "(rewrite (Times (S m) n) (Plus n (Times m n)))")
                            t24
                            t25))
                        (substitution (@rewrite_var__2 t22) t9))
                      1)))
(let t30 (substitution (@rewrite_var__1 t23) (m (S (Z))) (n (Z))))
(let t31
  (premises
                      (Rule
                        (= t28 t28)
                        (name "(rewrite (Plus (S m) n) (S (Plus m n)))")
                        t29
                        t30)))
(let t32 (substitution (@rewrite_var__1 t28) (m (Z)) (n (Z))))
(let t33 (Plus (Z) t2))
(let t34 (Plus (S (S (Z))) (S (S (Z)))))
(let t35 (Plus (S (S (Z))) t34))
(let t36 (Plus (S (Z)) (S (S (Z)))))
(let t37 (premises (Fiat (= t34 t34))))
(let t38 (n (S (S (Z)))))
(let t39 (substitution (@rewrite_var__1 t34) (m (S (Z))) t38))
(let t40 (Plus (Z) (S (S (Z)))))
(let t41
  (premises
                                  (Rule
                                    (= t36 t36)
                                    (name
                                      "(rewrite (Plus (S m) n) (S (Plus m n)))")
                                    t37
                                    t39)))
(let t42 (substitution (@rewrite_var__1 t36) (m (Z)) t38))
(let prf0
  (Congr
                          (= t35 t3)
                          (Fiat (= t35 t35))
                          (Congr
                            (= t34 t2)
                            (Rule
                              (= t34 (S t36))
                              (name "(rewrite (Plus (S m) n) (S (Plus m n)))")
                              t37
                              t39)
                            (Congr
                              (= t36 t0)
                              (Rule
                                (= t36 (S t40))
                                (name "(rewrite (Plus (S m) n) (S (Plus m n)))")
                                t41
                                t42)
                              (Rule
                                (= t40 (S (S (Z))))
                                (name "(rewrite (Plus (Z) n) n)")
                                (premises
                                  (Rule
                                    (= t40 t40)
                                    (name
                                      "(rewrite (Plus (S m) n) (S (Plus m n)))")
                                    t41
                                    t42))
                                (substitution t38 (@rewrite_var__ t40)))
                              0)
                            0)
                          1))
(let t43 (premises (Trans (= t3 t3) (Sym (= t3 t35) prf0) prf0)))
(let t44 (n t2))
(let t45 (substitution (@rewrite_var__1 t3) (m (S (Z))) t44))
(let t46
  (premises
                (Rule
                  (= t4 t4)
                  (name "(rewrite (Plus (S m) n) (S (Plus m n)))")
                  t43
                  t45)))
(let t47 (substitution (@rewrite_var__1 t4) (m (Z)) t44))
(Trans
  (= t1 t3)
  (Congr
    (= t1 t5)
    (Rule
      (= t1 (S t7))
      (name "(rewrite (Plus (S m) n) (S (Plus m n)))")
      t11
      t14)
    (Trans
      (= t7 t4)
      (Congr
        (= t7 t15)
        (Rule
          (= t7 (S t16))
          (name "(rewrite (Plus (S m) n) (S (Plus m n)))")
          t17
          t18)
        (Congr
          (= t16 t2)
          (Congr
            (= t16 (S t6))
            (Rule
              (= t16 (S t19))
              (name "(rewrite (Plus (S m) n) (S (Plus m n)))")
              t20
              t21)
            (Rule
              (= t19 t6)
              (name "(rewrite (Plus (Z) n) n)")
              (premises
                (Rule
                  (= t19 t19)
                  (name "(rewrite (Plus (S m) n) (S (Plus m n)))")
                  t20
                  t21))
              (substitution t13 (@rewrite_var__ t19)))
            0)
          (Congr
            (= t6 t0)
            (Rule
              (= t6 (S t23))
              (name "(rewrite (Plus (S m) n) (S (Plus m n)))")
              t26
              t27)
            (Congr
              (= t23 (S (S (Z))))
              (Rule
                (= t23 (S t28))
                (name "(rewrite (Plus (S m) n) (S (Plus m n)))")
                t29
                t30)
              (Congr
                (= t28 (S (Z)))
                (Rule
                  (= t28 (S (Plus (Z) (Z))))
                  (name "(rewrite (Plus (S m) n) (S (Plus m n)))")
                  t31
                  t32)
                (Rule
                  (= (Plus (Z) (Z)) (Z))
                  (name "(rewrite (Plus (Z) n) n)")
                  (premises
                    (Rule
                      (= (Plus (Z) (Z)) (Plus (Z) (Z)))
                      (name "(rewrite (Plus (S m) n) (S (Plus m n)))")
                      t31
                      t32))
                  (substitution (n (Z)) (@rewrite_var__ (Plus (Z) (Z)))))
                0)
              0)
            0)
          0)
        0)
      (Sym
        (= t15 t4)
        (Congr
          (= t4 t15)
          (Rule
            (= t4 (S t33))
            (name "(rewrite (Plus (S m) n) (S (Plus m n)))")
            t46
            t47)
          (Rule
            (= t33 t2)
            (name "(rewrite (Plus (Z) n) n)")
            (premises
              (Rule
                (= t33 t33)
                (name "(rewrite (Plus (S m) n) (S (Plus m n)))")
                t46
                t47))
            (substitution t44 (@rewrite_var__ t33)))
          0)))
    0)
  (Sym
    (= t5 t3)
    (Rule (= t3 t5) (name "(rewrite (Plus (S m) n) (S (Plus m n)))") t43 t45)))
