---
source: egglog/tests/files.rs
expression: proof_snapshot
---
(Rule
  (= (@ExistsConstructor) (@ExistsConstructor))
  (name "@prove_exists_rule")
  (premises (Eval))
  (substitution))
(Rule
  (= (@ExistsConstructor1) (@ExistsConstructor1))
  (name "@prove_exists_rule1")
  (premises (Eval))
  (substitution))
(Rule
  (= (@ExistsConstructor2) (@ExistsConstructor2))
  (name "@prove_exists_rule2")
  (premises (Eval))
  (substitution))
(Rule
  (= (@ExistsConstructor3) (@ExistsConstructor3))
  (name "@prove_exists_rule3")
  (premises (Eval))
  (substitution))
(Rule
  (= (@ExistsConstructor4) (@ExistsConstructor4))
  (name "@prove_exists_rule4")
  (premises (Eval))
  (substitution))
