---
source: egglog/tests/files.rs
expression: proof_snapshot
---
(let prf0 (Computed (= () ())))
(let t0 (premises (Fiat (= (Fib 7) (Fib 7))) prf0))
(let t1 (substitution (@rewrite_var__1 (Fib 7)) (x 7)))
(let t2
  (premises
                              (Rule
                                (= (Fib 5) (Fib 5))
                                (name
                                  "(rewrite (Fib x) (Add (Fib (- x 1)) (Fib (- x 2))) :when ((> x 1)))")
                                t0
                                t1)
                              prf0))
(let t3 (substitution (@rewrite_var__1 (Fib 5)) (x 5)))
(let t4
  (premises
                                                (Rule
                                                  (= (Fib 3) (Fib 3))
                                                  (name
                                                    "(rewrite (Fib x) (Add (Fib (- x 1)) (Fib (- x 2))) :when ((> x 1)))")
                                                  t2
                                                  t3)
                                                prf0))
(let t5
  (substitution
                                                (@rewrite_var__1 (Fib 3))
                                                (x 3)))
(let prf1
  (Rule
                                                (= (Fib 1) (Num 1))
                                                (name
                                                  "(rewrite (Fib x) (Num x) :when ((<= x 1)))")
                                                (premises
                                                  (Rule
                                                    (= (Fib 1) (Fib 1))
                                                    (name
                                                      "(rewrite (Fib x) (Add (Fib (- x 1)) (Fib (- x 2))) :when ((> x 1)))")
                                                    t4
                                                    t5)
                                                  prf0)
                                                (substitution
                                                  (@rewrite_var__2 (Fib 1))
                                                  (x 1))))
(let prop0 (= (Fib 2) (Num 1)))
(let t6
  (premises
                                                            (Rule
                                                              (= (Fib 2) (Fib 2))
                                                              (name
                                                                "(rewrite (Fib x) (Add (Fib (- x 1)) (Fib (- x 2))) :when ((> x 1)))")
                                                              t4
                                                              t5)
                                                            prf0))
(let t7
  (substitution
                                                            (@rewrite_var__1
                                                              (Fib 2))
                                                            (x 2)))
(let prf2
  (Rule
                                                  prop0
                                                  (name
                                                    "(rewrite (Add (Num a) (Num b)) (Num (+ a b)))")
                                                  (premises
                                                    (Congr
                                                      (=
                                                        (Fib 2)
                                                        (Add (Num 1) (Num 0)))
                                                      (Congr
                                                        (=
                                                          (Fib 2)
                                                          (Add (Num 1) (Fib 0)))
                                                        (Rule
                                                          (=
                                                            (Fib 2)
                                                            (Add (Fib 1) (Fib 0)))
                                                          (name
                                                            "(rewrite (Fib x) (Add (Fib (- x 1)) (Fib (- x 2))) :when ((> x 1)))")
                                                          t6
                                                          t7)
                                                        prf1
                                                        0)
                                                      (Rule
                                                        (= (Fib 0) (Num 0))
                                                        (name
                                                          "(rewrite (Fib x) (Num x) :when ((<= x 1)))")
                                                        (premises
                                                          (Rule
                                                            (= (Fib 0) (Fib 0))
                                                            (name
                                                              "(rewrite (Fib x) (Add (Fib (- x 1)) (Fib (- x 2))) :when ((> x 1)))")
                                                            t6
                                                            t7)
                                                          prf0)
                                                        (substitution
                                                          (@rewrite_var__2
                                                            (Fib 0))
                                                          (x 0)))
                                                      1))
                                                  (substitution
                                                    (a 1)
                                                    (b 0)
                                                    (@rewrite_var__ (Fib 2)))))
(let prf3
  (Trans
                                            prop0
                                            (Trans
                                              (= (Fib 2) (Fib 1))
                                              prf2
                                              (Sym (= (Num 1) (Fib 1)) prf1))
                                            prf1))
(let prf4
  (Rule
                                    (= (Fib 3) (Num 2))
                                    (name
                                      "(rewrite (Add (Num a) (Num b)) (Num (+ a b)))")
                                    (premises
                                      (Congr
                                        (= (Fib 3) (Add (Num 1) (Num 1)))
                                        (Congr
                                          (= (Fib 3) (Add (Num 1) (Fib 2)))
                                          (Congr
                                            (= (Fib 3) (Add (Fib 2) (Fib 2)))
                                            (Rule
                                              (= (Fib 3) (Add (Fib 2) (Fib 1)))
                                              (name
                                                "(rewrite (Fib x) (Add (Fib (- x 1)) (Fib (- x 2))) :when ((> x 1)))")
                                              t4
                                              t5)
                                            (Trans
                                              (= (Fib 1) (Fib 2))
                                              prf1
                                              (Sym (= (Num 1) (Fib 2)) prf2))
                                            1)
                                          prf3
                                          0)
                                        prf3
                                        1))
                                    (substitution
                                      (a 1)
                                      (b 1)
                                      (@rewrite_var__ (Fib 3)))))
(let prf5
  (Rule
                            (= (Fib 4) (Num 3))
                            (name "(rewrite (Add (Num a) (Num b)) (Num (+ a b)))")
                            (premises
                              (Congr
                                (= (Fib 4) (Add (Num 2) (Num 1)))
                                (Congr
                                  (= (Fib 4) (Add (Num 2) (Fib 2)))
                                  (Rule
                                    (= (Fib 4) (Add (Fib 3) (Fib 2)))
                                    (name
                                      "(rewrite (Fib x) (Add (Fib (- x 1)) (Fib (- x 2))) :when ((> x 1)))")
                                    (premises
                                      (Rule
                                        (= (Fib 4) (Fib 4))
                                        (name
                                          "(rewrite (Fib x) (Add (Fib (- x 1)) (Fib (- x 2))) :when ((> x 1)))")
                                        t2
                                        t3)
                                      prf0)
                                    (substitution (@rewrite_var__1 (Fib 4)) (x 4)))
                                  prf4
                                  0)
                                prf3
                                1))
                            (substitution (a 2) (b 1) (@rewrite_var__ (Fib 4)))))
(let prf6
  (Rule
                    (= (Fib 5) (Num 5))
                    (name "(rewrite (Add (Num a) (Num b)) (Num (+ a b)))")
                    (premises
                      (Congr
                        (= (Fib 5) (Add (Num 3) (Num 2)))
                        (Congr
                          (= (Fib 5) (Add (Num 3) (Fib 3)))
                          (Rule
                            (= (Fib 5) (Add (Fib 4) (Fib 3)))
                            (name
                              "(rewrite (Fib x) (Add (Fib (- x 1)) (Fib (- x 2))) :when ((> x 1)))")
                            t2
                            t3)
                          prf5
                          0)
                        prf4
                        1))
                    (substitution (a 3) (b 2) (@rewrite_var__ (Fib 5)))))
(Rule
  (= (Fib 7) (Num 13))
  (name "(rewrite (Add (Num a) (Num b)) (Num (+ a b)))")
  (premises
    (Congr
      (= (Fib 7) (Add (Num 8) (Num 5)))
      (Congr
        (= (Fib 7) (Add (Num 8) (Fib 5)))
        (Rule
          (= (Fib 7) (Add (Fib 6) (Fib 5)))
          (name
            "(rewrite (Fib x) (Add (Fib (- x 1)) (Fib (- x 2))) :when ((> x 1)))")
          t0
          t1)
        (Rule
          (= (Fib 6) (Num 8))
          (name "(rewrite (Add (Num a) (Num b)) (Num (+ a b)))")
          (premises
            (Congr
              (= (Fib 6) (Add (Num 5) (Num 3)))
              (Congr
                (= (Fib 6) (Add (Num 5) (Fib 4)))
                (Rule
                  (= (Fib 6) (Add (Fib 5) (Fib 4)))
                  (name
                    "(rewrite (Fib x) (Add (Fib (- x 1)) (Fib (- x 2))) :when ((> x 1)))")
                  (premises
                    (Rule
                      (= (Fib 6) (Fib 6))
                      (name
                        "(rewrite (Fib x) (Add (Fib (- x 1)) (Fib (- x 2))) :when ((> x 1)))")
                      t0
                      t1)
                    prf0)
                  (substitution (@rewrite_var__1 (Fib 6)) (x 6)))
                prf6
                0)
              prf5
              1))
          (substitution (a 5) (b 3) (@rewrite_var__ (Fib 6))))
        0)
      prf6
      1))
  (substitution (a 8) (b 5) (@rewrite_var__ (Fib 7))))
