---
source: egglog/tests/files.rs
expression: proof_snapshot
---
(Fiat (= (nrows (NamedMat "B")) (NamedDim "m")))
(let t0 (Kron (Id (NamedDim "n")) (NamedMat "B")))
(let t1 (nrows t0))
(let t2 (Times (NamedDim "n") (NamedDim "m")))
(let t3 (Kron (NamedMat "A") (Id (NamedDim "m"))))
(let t4 (nrows (MMul t0 t3)))
(let t5 (__rewrite_root t4))
(let prf0
  (Rule
        (= t4 t1)
        (name "(rewrite (nrows (MMul A B)) (nrows A))")
        (premises (Fiat (= t4 t4)))
        (substitution t5 (A t0) (B t3))))
(let t6 (nrows (Id (NamedDim "n"))))
(let t7 (Times t6 (NamedDim "m")))
(let t8 (Times t6 (nrows (NamedMat "B"))))
(let t9 (premises prf0))
(let t10 (A (Id (NamedDim "n"))))
(let t11 (substitution t5 t10 (B (NamedMat "B"))))
(Trans
  (= t1 t2)
  (Sym (= t1 t4) prf0)
  (Congr
    (= t4 t2)
    (Trans
      (= t4 t7)
      (Rule
        (= t4 t8)
        (name "(rewrite (nrows (Kron A B)) (Times (nrows A) (nrows B)))")
        t9
        t11)
      (Congr
        (= t8 t7)
        (Rule
          (= t8 t8)
          (name "(rewrite (nrows (Kron A B)) (Times (nrows A) (nrows B)))")
          t9
          t11)
        (Fiat (= (nrows (NamedMat "B")) (NamedDim "m")))
        1))
    (Rule
      (= t6 (NamedDim "n"))
      (name "(rewrite (nrows (Id n)) n)")
      (premises
        (Rule
          (= t6 t6)
          (name
            "(rule ((= e (Kron A B)))
      ((ncols A)
       (nrows A)
       (ncols B)
       (nrows B))
         )")
          (premises (Fiat (= t0 t0)))
          (substitution (B (NamedMat "B")) (e t0) t10)))
      (substitution (__rewrite_root t6) (n (NamedDim "n"))))
    0))
(let t0 (Kron (Id (NamedDim "n")) (NamedMat "B")))
(let t1 (Kron (NamedMat "A") (Id (NamedDim "m"))))
(let t2 (MMul t0 t1))
(let prop0 (= t2 t2))
(let t3 (Kron (NamedMat "A") (NamedMat "B")))
(let t4 (MMul (Id (NamedDim "n")) (NamedMat "A")))
(let t5 (MMul (NamedMat "B") (Id (NamedDim "m"))))
(let t6 (ncols (Id (NamedDim "n"))))
(let t7 (A (Id (NamedDim "n"))))
(let t8 (nrows (Id (NamedDim "m"))))
(let t9
  (premises
            (Fiat prop0)
            (Trans
              (= t6 (nrows (NamedMat "A")))
              (Rule
                (= t6 (NamedDim "n"))
                (name "(rewrite (ncols (Id n)) n)")
                (premises
                  (Rule
                    (= t6 t6)
                    (name
                      "(rule ((= e (Kron A B)))
        ((ncols A)
         (nrows A)
         (ncols B)
         (nrows B))
           )")
                    (premises (Fiat (= t0 t0)))
                    (substitution (B (NamedMat "B")) (e t0) t7)))
                (substitution (__rewrite_root t6) (n (NamedDim "n"))))
              (Sym
                (= (NamedDim "n") (nrows (NamedMat "A")))
                (Fiat (= (nrows (NamedMat "A")) (NamedDim "n")))))
            (Trans
              (= (ncols (NamedMat "B")) t8)
              (Fiat (= (ncols (NamedMat "B")) (NamedDim "m")))
              (Sym
                (= (NamedDim "m") t8)
                (Rule
                  (= t8 (NamedDim "m"))
                  (name "(rewrite (nrows (Id n)) n)")
                  (premises
                    (Rule
                      (= t8 t8)
                      (name
                        "(rule ((= e (Kron A B)))
        ((ncols A)
         (nrows A)
         (ncols B)
         (nrows B))
           )")
                      (premises (Fiat (= t1 t1)))
                      (substitution
                        (B (Id (NamedDim "m")))
                        (e t1)
                        (A (NamedMat "A")))))
                  (substitution (__rewrite_root t8) (n (NamedDim "m"))))))))
(let t10
  (substitution
            (__rewrite_root t2)
            t7
            (B (NamedMat "B"))
            (D (Id (NamedDim "m")))
            (C (NamedMat "A"))))
(let prf0
  (Congr
      (= t2 t3)
      (Congr
        (= t2 (Kron t4 (NamedMat "B")))
        (Rule
          (= t2 (Kron t4 t5))
          (name
            "(rewrite (MMul (Kron A B) (Kron C D)) (Kron (MMul A C) (MMul B D)) :when ((= (ncols A) (nrows C)) (= (ncols B) (nrows D))))")
          t9
          t10)
        (Rule
          (= t5 (NamedMat "B"))
          (name "(rewrite (MMul A (Id n)) A)")
          (premises
            (Rule
              (= t5 t5)
              (name
                "(rewrite (MMul (Kron A B) (Kron C D)) (Kron (MMul A C) (MMul B D)) :when ((= (ncols A) (nrows C)) (= (ncols B) (nrows D))))")
              t9
              t10))
          (substitution (__rewrite_root t5) (A (NamedMat "B")) (n (NamedDim "m"))))
        1)
      (Rule
        (= t4 (NamedMat "A"))
        (name "(rewrite (MMul (Id n) A) A)")
        (premises
          (Rule
            (= t4 t4)
            (name
              "(rewrite (MMul (Kron A B) (Kron C D)) (Kron (MMul A C) (MMul B D)) :when ((= (ncols A) (nrows C)) (= (ncols B) (nrows D))))")
            t9
            t10))
        (substitution (__rewrite_root t4) (A (NamedMat "A")) (n (NamedDim "n"))))
      0))
(Trans prop0 prf0 (Sym (= t3 t2) prf0))
