---
source: egglog/tests/files.rs
assertion_line: 279
expression: proof_snapshot
---
(let t0 (Pow (Var "x") (Const 2)))
(let t1 (Mul (Var "x") (Var "x")))
(Sym
  (= t0 t1)
  (Rule
    (= t1 t0)
    (name "(rewrite (Pow x (Const 2)) (Mul x x))")
    (premises (Fiat (= t0 t0)))
    (substitution (@rewrite_var__13 t0) (x (Var "x")))))
