---
source: egglog/tests/files.rs
expression: proof_snapshot
---
(Computed (= -1.5 -1.5))
(Computed (= 10.7 10.7))
(Computed (= 6.25 6.25))
(Computed (= () ()))
(Computed (= () ()))
(Computed (= 243.0 243.0))
(Computed (= 1.0 1.0))
(Computed (= 0.0 0.0))
(Computed (= 2.0 2.0))
(Computed (= 1.0 1.0))
(Computed (= 1 1))
(Computed (= "1.2" "1.2"))
(Computed (= "1.0" "1.0"))
