---
source: egglog/tests/files.rs
expression: proof_snapshot
---
(Fiat (= () ()))
(let t0 (myor (negate (p 0)) (myor (FalseConst) (FalseConst))))
(let t1 (myor (negate (p 0)) (FalseConst)))
(let t2 (a (negate (p 0))))
(let prf0
  (Rule
                    (= t1 (negate (p 0)))
                    (name "(rewrite (myor a $False) a)")
                    (premises (Fiat (= t1 t1)))
                    (substitution t2 (@rewrite_var__5 t1))))
(let prf1 (Sym (= (negate (p 0)) t1) prf0))
(let t3 (myor (p 2) t1))
(let t4 (myor (negate (p 2)) (myor (FalseConst) (FalseConst))))
(let prop0 (= (TrueConst) t4))
(let t5 (myor (TrueConst) (myor (FalseConst) (FalseConst))))
(let t6 (myor (negate (p 2)) (FalseConst)))
(let t7 (myor (p 1) t6))
(let t8
  (premises
                      (Congr
                        (= (TrueConst) (myor (FalseConst) t6))
                        (Sym (= (TrueConst) t7) (Fiat (= t7 (TrueConst))))
                        (Fiat (= (p 1) (FalseConst)))
                        0)))
(let t9
  (substitution
                      (@rewrite_var__1 (TrueConst))
                      (a (FalseConst))
                      (b (negate (p 2)))
                      (c (FalseConst))))
(let prf2
  (Rule
                        (= t6 (negate (p 2)))
                        (name "(rewrite (myor a $False) a)")
                        (premises (Fiat (= t6 t6)))
                        (substitution (a (negate (p 2))) (@rewrite_var__5 t6))))
(let prf3
  (Rule
                      (= t6 (TrueConst))
                      (name "(rewrite (myor $False a) a)")
                      t8
                      (substitution (@rewrite_var__4 (TrueConst)) (a t6))))
(Rule
  (= (p 0) (FalseConst))
  (name
    "(rule ((= (negate p) $True))
      ((union p $False))
         )")
  (premises
    (Trans
      (= (negate (p 0)) (TrueConst))
      (Sym
        (= (negate (p 0)) t0)
        (Rule
          (= t0 (negate (p 0)))
          (name "(rewrite (myor (myor a b) c) (myor a (myor b c)))")
          (premises
            (Congr (= (negate (p 0)) (myor t1 (FalseConst))) prf1 prf1 0))
          (substitution
            (c (FalseConst))
            t2
            (b (FalseConst))
            (@rewrite_var__ (negate (p 0))))))
      (Rule
        (= t0 (TrueConst))
        (name
          "(rule ((= $True (myor a as))
       (= $True (myor (negate a) bs)))
      ((union (myor as bs) $True))
         )")
        (premises
          (Congr
            (= (TrueConst) (myor (p 2) (negate (p 0))))
            (Sym (= (TrueConst) t3) (Fiat (= t3 (TrueConst))))
            prf0
            1)
          (Congr
            prop0
            (Trans
              (= (TrueConst) t5)
              (Sym
                prop0
                (Rule
                  (= t4 (TrueConst))
                  (name "(rewrite (myor a (myor b c)) (myor b (myor a c)))")
                  t8
                  t9))
              (Congr
                (= t4 t5)
                (Rule
                  (= t4 t4)
                  (name "(rewrite (myor a (myor b c)) (myor b (myor a c)))")
                  t8
                  t9)
                (Trans
                  (= (negate (p 2)) (TrueConst))
                  (Sym (= (negate (p 2)) t6) prf2)
                  prf3)
                0))
            (Trans
              (= (TrueConst) (negate (p 2)))
              (Sym (= (TrueConst) t6) prf3)
              prf2)
            0))
        (substitution
          (bs (myor (FalseConst) (FalseConst)))
          (a (p 2))
          (as (negate (p 0)))))))
  (substitution (p (p 0))))
(let t0 (myor (negate (p 2)) (FalseConst)))
(let t1 (myor (p 1) t0))
(Rule
  (= (p 2) (FalseConst))
  (name
    "(rule ((= (negate p) $True))
      ((union p $False))
         )")
  (premises
    (Trans
      (= (negate (p 2)) (TrueConst))
      (Sym
        (= (negate (p 2)) t0)
        (Rule
          (= t0 (negate (p 2)))
          (name "(rewrite (myor a $False) a)")
          (premises (Fiat (= t0 t0)))
          (substitution (a (negate (p 2))) (@rewrite_var__5 t0))))
      (Rule
        (= t0 (TrueConst))
        (name "(rewrite (myor $False a) a)")
        (premises
          (Congr
            (= (TrueConst) (myor (FalseConst) t0))
            (Sym (= (TrueConst) t1) (Fiat (= t1 (TrueConst))))
            (Fiat (= (p 1) (FalseConst)))
            0))
        (substitution (@rewrite_var__4 (TrueConst)) (a t0)))))
  (substitution (p (p 2))))
