---
source: egglog/tests/files.rs
expression: proof_snapshot
---
(Rule
  (= (@ExistsConstructor) (@ExistsConstructor))
  (name "@prove_exists_rule")
  (premises
    (Fiat (= (View (E) (S1)) (View (E) (S1))))
    (Fiat (= (UF_Exp (E) (E)) (UF_Exp (E) (E))))
    (Fiat (= (UF_Stmt (S1) (S2)) (UF_Stmt (S1) (S2))))
    (Eval))
  (substitution (c1_leader (E)) (c2 (S1)) (c2_leader (S2)) (c1 (E))))
