---
source: egglog/tests/files.rs
expression: proof_snapshot
---
(Sym
  (= (Var "a") (Lit 1))
  (Rule
    (= (Lit 1) (Var "a"))
    (name
      "(rule ((= (Mul a b) (Mul c d)))
      ((union a c)
       (union b d))
         )")
    (premises (Fiat (= (Mul (Var "a") (Var "a")) (Mul (Lit 1) (Lit 2)))))
    (substitution (d (Lit 2)) (a (Var "a")) (b (Var "a")) (c (Lit 1)))))
(let t0 (premises (Fiat (= (Mul (Var "a") (Var "a")) (Mul (Lit 1) (Lit 2))))))
(let t1 (substitution (d (Lit 2)) (a (Var "a")) (b (Var "a")) (c (Lit 1))))
(Trans
  (= (Lit 2) (Lit 1))
  (Rule
    (= (Lit 2) (Var "a"))
    (name
      "(rule ((= (Mul a b) (Mul c d)))
      ((union a c)
       (union b d))
         )")
    t0
    t1)
  (Sym
    (= (Var "a") (Lit 1))
    (Rule
      (= (Lit 1) (Var "a"))
      (name
        "(rule ((= (Mul a b) (Mul c d)))
      ((union a c)
       (union b d))
         )")
      t0
      t1)))
