---
source: egglog/tests/files.rs
expression: proof_snapshot
---
(Computed (= () ()))
(let t0 (myor (negate (p 0)) (FalseConst)))
(let prf0
  (Rule
            (= t0 (negate (p 0)))
            (name "(rewrite (myor a $False) a)")
            (premises (Fiat (= t0 t0)))
            (substitution (a (negate (p 0))) (@rewrite_var__5 t0))))
(let t1 (myor (p 2) t0))
(let t2 (myor (negate (p 2)) (FalseConst)))
(let prop0 (= (TrueConst) t2))
(let t3 (myor (negate (p 1)) (FalseConst)))
(let prf1 (Fiat (= (p 1) (FalseConst))))
(let prf2
  (Congr
                        (= t3 (myor (TrueConst) (FalseConst)))
                        (Fiat (= t3 t3))
                        (Trans
                          (= (negate (p 1)) (TrueConst))
                          (Congr
                            (= (negate (p 1)) (negate (FalseConst)))
                            (Fiat (= (negate (p 1)) (negate (p 1))))
                            prf1
                            0)
                          (Fiat (= (negate (FalseConst)) (TrueConst))))
                        0))
(let t4 (myor (p 1) t2))
(Rule
  (= (p 0) (FalseConst))
  (name
    "(rule ((= (negate p) $True))
      ((union p $False))
         )")
  (premises
    (Trans
      (= (negate (p 0)) (TrueConst))
      (Sym (= (negate (p 0)) t0) prf0)
      (Rule
        (= t0 (TrueConst))
        (name
          "(rule ((= $True (myor a as))
       (= $True (myor (negate a) bs)))
      ((union (myor as bs) $True))
         )")
        (premises
          (Congr
            (= (TrueConst) (myor (p 2) (negate (p 0))))
            (Sym (= (TrueConst) t1) (Fiat (= t1 (TrueConst))))
            prf0
            1)
          (Congr
            prop0
            (Trans
              (= (TrueConst) (myor (TrueConst) (FalseConst)))
              (Sym
                (= (TrueConst) t3)
                (Rule
                  (= t3 (TrueConst))
                  (name "(rewrite (myor a $False) a)")
                  (premises prf2)
                  (substitution (a (TrueConst)) (@rewrite_var__5 t3))))
              prf2)
            (Trans
              (= (TrueConst) (negate (p 2)))
              (Sym
                prop0
                (Rule
                  (= t2 (TrueConst))
                  (name "(rewrite (myor $False a) a)")
                  (premises
                    (Congr
                      (= (TrueConst) (myor (FalseConst) t2))
                      (Sym (= (TrueConst) t4) (Fiat (= t4 (TrueConst))))
                      prf1
                      0))
                  (substitution (@rewrite_var__4 (TrueConst)) (a t2))))
              (Rule
                (= t2 (negate (p 2)))
                (name "(rewrite (myor a $False) a)")
                (premises (Fiat (= t2 t2)))
                (substitution (a (negate (p 2))) (@rewrite_var__5 t2))))
            0))
        (substitution (bs (FalseConst)) (a (p 2)) (as (negate (p 0)))))))
  (substitution (p (p 0))))
(let t0 (myor (negate (p 2)) (FalseConst)))
(let t1 (myor (p 1) t0))
(Rule
  (= (p 2) (FalseConst))
  (name
    "(rule ((= (negate p) $True))
      ((union p $False))
         )")
  (premises
    (Trans
      (= (negate (p 2)) (TrueConst))
      (Sym
        (= (negate (p 2)) t0)
        (Rule
          (= t0 (negate (p 2)))
          (name "(rewrite (myor a $False) a)")
          (premises (Fiat (= t0 t0)))
          (substitution (a (negate (p 2))) (@rewrite_var__5 t0))))
      (Rule
        (= t0 (TrueConst))
        (name "(rewrite (myor $False a) a)")
        (premises
          (Congr
            (= (TrueConst) (myor (FalseConst) t0))
            (Sym (= (TrueConst) t1) (Fiat (= t1 (TrueConst))))
            (Fiat (= (p 1) (FalseConst)))
            0))
        (substitution (@rewrite_var__4 (TrueConst)) (a t0)))))
  (substitution (p (p 2))))
