---
source: egglog/tests/files.rs
assertion_line: 279
expression: proof_snapshot
---
(let t0 (Mul (Num 2) (Add (Var "x") (Num 3))))
(let t1 (Mul (Num 2) (Var "x")))
(let t2 (Mul (Num 2) (Num 3)))
(let t3 (premises (Fiat (= t0 t0))))
(let t4
  (substitution
            (@rewrite_var__1 t0)
            (a (Num 2))
            (b (Var "x"))
            (c (Num 3))))
(Congr
  (= t0 (Add (Num 6) t1))
  (Rule
    (= t0 (Add t2 t1))
    (name "(rewrite (Add a b) (Add b a))")
    (premises
      (Rule
        (= t0 (Add t1 t2))
        (name "(rewrite (Mul a (Add b c)) (Add (Mul a b) (Mul a c)))")
        t3
        t4))
    (substitution (a t1) (b t2) (@rewrite_var__ t0)))
  (Rule
    (= t2 (Num 6))
    (name "(rewrite (Mul (Num a) (Num b)) (Num (* a b)))")
    (premises
      (Rule
        (= t2 t2)
        (name "(rewrite (Mul a (Add b c)) (Add (Mul a b) (Mul a c)))")
        t3
        t4))
    (substitution (a 2) (b 3) (@rewrite_var__3 t2)))
  0)
