---
source: egglog/tests/files.rs
assertion_line: 266
expression: proof_snapshot
---
(Fiat (= true true))
(Fiat (= false false))
(Fiat (= true true))
(Fiat (= () ()))
(Fiat (= true true))
(Fiat (= true true))
(Fiat (= false false))
(Fiat (= false false))
(Fiat (= true true))
(Fiat (= false false))
(Fiat (= false false))
(Fiat (= true true))
(Fiat (= false false))
(Fiat (= true true))
(Fiat (= false false))
(Fiat (= true true))
(Fiat (= false false))
(Fiat (= false false))
(Fiat (= true true))
(Fiat (= true true))
