---
source: egglog/tests/files.rs
expression: proof_snapshot
---
(let t0 (Add (Add (Lit 1) (Lit 2)) (Lit 3)))
(Rule
  (= t0 (Add (Lit 1) (Add (Lit 2) (Lit 3))))
  (name "(birewrite (Add (Add x y) z) (Add x (Add y z)))=>")
  (premises (Fiat (= t0 t0)))
  (substitution (__rewrite_root t0) (x (Lit 1)) (y (Lit 2)) (z (Lit 3))))
(let t0 (Add (Lit 4) (Add (Lit 5) (Lit 6))))
(Rule
  (= t0 (Add (Add (Lit 4) (Lit 5)) (Lit 6)))
  (name "(birewrite (Add (Add x y) z) (Add x (Add y z)))<=")
  (premises (Fiat (= t0 t0)))
  (substitution (__rewrite_root t0) (x (Lit 4)) (y (Lit 5)) (z (Lit 6))))
