---
source: egglog/tests/files.rs
expression: proof_snapshot
---
(Fiat (= -1.5 -1.5))
(Fiat (= 10.7 10.7))
(Fiat (= 6.25 6.25))
(Fiat (= () ()))
(Fiat (= () ()))
(Fiat (= 243.0 243.0))
(Fiat (= 1.0 1.0))
(Fiat (= 0.0 0.0))
(Fiat (= 2.0 2.0))
(Fiat (= 1.0 1.0))
(Fiat (= 1 1))
(Fiat (= "1.2" "1.2"))
(Fiat (= "1.0" "1.0"))
