---
source: egglog-experimental/tests/files.rs
assertion_line: 52
expression: snapshot
---
(let t0 (Let (Var "x") (Var "y")))
(let prf0 (Fiat (= t0 t0)))
(let t1 (@GeneratedFreshTable (Var "x") (Var "y") 0))
(let t2 (Let t1 (Var "y")))
(Rule
  (= (@ExistsConstructor) (@ExistsConstructor))
  (name "@prove_exists_rule")
  (premises
    prf0
    (Rule
      (= t2 t2)
      (name
        "(rule ((Let a b))
      ((Let (@GeneratedFreshTable a b 0) b))
         )")
      (premises prf0)
      (substitution (a (Var "x")) (b (Var "y"))))
    (Fiat (= () ())))
  (substitution (?y t1) (?x (Var "x"))))
