---
source: egglog-experimental/tests/files.rs
expression: snapshot
---
(Rule
  (= (Num 1) (Num 1))
  (name
    "(rule ()
      ((Num 1))
        :ruleset optimization )")
  (premises)
  (substitution))
(let t0 (Add (Num 2) (Num 3)))
(let t1 (Add (Num 3) (Num 2)))
(Sym
  (= t0 t1)
  (Rule
    (= t1 t0)
    (name "(rewrite (Add a b) (Add b a) :ruleset optimization)")
    (premises (Fiat (= t0 t0)))
    (substitution (a (Num 2)) (b (Num 3)) (@rewrite_var__ t0))))
